<?xml version="1.0" encoding="utf-8"?>
<TestRun id="727790c8-8d7d-4e9a-90ff-93f444538c7f" name="@Sudhirs-MacBook-Pro 2026-01-27 14:27:51" xmlns="http://microsoft.com/schemas/VisualStudio/TeamTest/2010">
  <Times creation="2026-01-27T14:27:51.2012920+05:30" queuing="2026-01-27T14:27:51.2012920+05:30" start="2026-01-27T14:27:50.8750360+05:30" finish="2026-01-27T14:27:51.2215140+05:30" />
  <TestSettings name="default" id="fa90e71d-0064-4078-a44b-25d5f14e671e">
    <Deployment runDeploymentRoot="_Sudhirs-MacBook-Pro_2026-01-27_14_27_51" />
  </TestSettings>
  <Results>
    <UnitTestResult executionId="5e2a69ff-8e83-4fed-a62d-92d4855e06f5" testId="4ca8a1ff-7e3d-2a1c-e933-119755ec5dfd" testName="CourierService.Tests.Infrastructure.Offers.OfferServiceTests.CalculateDiscount_ReturnsExpectedAmount(offerCode: &quot;OFR003&quot;, distance: 100, weight: 100, deliveryCost: 1600, expectedDiscount: 80)" computerName="Sudhirs-MacBook-Pro" duration="00:00:00.0000052" startTime="2026-01-27T14:27:51.1824970+05:30" endTime="2026-01-27T14:27:51.1824970+05:30" testType="13cdc9d9-ddb5-4fa4-a97d-d965ccfc6d4b" outcome="Passed" testListId="8c84fa94-04c1-424b-9868-57a2d4851a1d" relativeResultsDirectory="5e2a69ff-8e83-4fed-a62d-92d4855e06f5" />
    <UnitTestResult executionId="61ae582c-773c-445c-84ed-1f5ab7b4f721" testId="22e583be-938f-2b5c-ab9c-d302fc77fb35" testName="CourierService.Tests.Infrastructure.Parsers.InputParserTests.ParseDeliveryTimeInput_InvalidInput_ThrowsException(input: &quot;100 5 PKG1 50 30&quot;)" computerName="Sudhirs-MacBook-Pro" duration="00:00:00.0001494" startTime="2026-01-27T14:27:51.1683440+05:30" endTime="2026-01-27T14:27:51.1683440+05:30" testType="13cdc9d9-ddb5-4fa4-a97d-d965ccfc6d4b" outcome="Passed" testListId="8c84fa94-04c1-424b-9868-57a2d4851a1d" relativeResultsDirectory="61ae582c-773c-445c-84ed-1f5ab7b4f721" />
    <UnitTestResult executionId="cb588ba5-3eed-4c71-b052-864572a2a7db" testId="ab60cf85-12f6-20bc-efc0-1e3dcbd628a9" testName="CourierService.Tests.Core.Services.PackageProcessorTests.ProcessPackagesWithDeliveryTime_EmptyList_ReturnsEmptyResults" computerName="Sudhirs-MacBook-Pro" duration="00:00:00.0016082" startTime="2026-01-27T14:27:51.1978420+05:30" endTime="2026-01-27T14:27:51.1978420+05:30" testType="13cdc9d9-ddb5-4fa4-a97d-d965ccfc6d4b" outcome="Passed" testListId="8c84fa94-04c1-424b-9868-57a2d4851a1d" relativeResultsDirectory="cb588ba5-3eed-4c71-b052-864572a2a7db" />
    <UnitTestResult executionId="35c44f91-70d8-43a0-a94f-d865847d83d7" testId="79f4fab0-d973-9a54-dd0c-95afafbb045a" testName="CourierService.Tests.Infrastructure.Parsers.InputParserTests.ParseDeliveryCostInput_InvalidInput_ThrowsException(input: &quot;100 3 PKG1 5 5&quot;)" computerName="Sudhirs-MacBook-Pro" duration="00:00:00.0003925" startTime="2026-01-27T14:27:51.1812270+05:30" endTime="2026-01-27T14:27:51.1812270+05:30" testType="13cdc9d9-ddb5-4fa4-a97d-d965ccfc6d4b" outcome="Passed" testListId="8c84fa94-04c1-424b-9868-57a2d4851a1d" relativeResultsDirectory="35c44f91-70d8-43a0-a94f-d865847d83d7" />
    <UnitTestResult executionId="e2d52f80-89c4-41de-95eb-129b27c1920e" testId="7e8e7c4f-bd67-fbd6-e242-e256b3c24f77" testName="CourierService.Tests.Integration.CourierServiceIntegrationTests.OfferService_Integration_CalculatesCorrectDiscount(offerCode: &quot;OFR001&quot;, distance: 150, weight: 100, deliveryCost: 1850, expectedDiscount: 185)" computerName="Sudhirs-MacBook-Pro" duration="00:00:00.0000105" startTime="2026-01-27T14:27:51.1829650+05:30" endTime="2026-01-27T14:27:51.1829660+05:30" testType="13cdc9d9-ddb5-4fa4-a97d-d965ccfc6d4b" outcome="Passed" testListId="8c84fa94-04c1-424b-9868-57a2d4851a1d" relativeResultsDirectory="e2d52f80-89c4-41de-95eb-129b27c1920e" />
    <UnitTestResult executionId="e7f5a498-ad69-42e7-b90d-a4fdbdc67617" testId="bbe75d59-d1f2-f2de-d98c-41ac30de4ae1" testName="CourierService.Tests.Infrastructure.Parsers.InputParserTests.ParseDeliveryTimeInput_InvalidInput_ThrowsException(input: &quot;100 2 PKG1 50 30 OFR001 2 70&quot;)" computerName="Sudhirs-MacBook-Pro" duration="00:00:00.0048513" startTime="2026-01-27T14:27:51.1675910+05:30" endTime="2026-01-27T14:27:51.1675910+05:30" testType="13cdc9d9-ddb5-4fa4-a97d-d965ccfc6d4b" outcome="Passed" testListId="8c84fa94-04c1-424b-9868-57a2d4851a1d" relativeResultsDirectory="e7f5a498-ad69-42e7-b90d-a4fdbdc67617" />
    <UnitTestResult executionId="f9baff11-b801-4058-96f9-44a12f2a879b" testId="685e654c-fdb7-25b3-e2b1-b24b5ea85de1" testName="CourierService.Tests.Infrastructure.Parsers.InputParserTests.ParseDeliveryCostInput_InvalidInput_ThrowsException(input: &quot;100 3 PKG1&quot;)" computerName="Sudhirs-MacBook-Pro" duration="00:00:00.0000058" startTime="2026-01-27T14:27:51.1818460+05:30" endTime="2026-01-27T14:27:51.1818460+05:30" testType="13cdc9d9-ddb5-4fa4-a97d-d965ccfc6d4b" outcome="Passed" testListId="8c84fa94-04c1-424b-9868-57a2d4851a1d" relativeResultsDirectory="f9baff11-b801-4058-96f9-44a12f2a879b" />
    <UnitTestResult executionId="9a0de200-2835-45ac-8c3f-244cf140d570" testId="01cacf69-689b-87c6-f783-e874badb37d1" testName="CourierService.Tests.Infrastructure.Offers.OfferServiceTests.CalculateDiscount_ReturnsExpectedAmount(offerCode: &quot;INVALID&quot;, distance: 100, weight: 100, deliveryCost: 1000, expectedDiscount: 0)" computerName="Sudhirs-MacBook-Pro" duration="00:00:00.0001970" startTime="2026-01-27T14:27:51.1824840+05:30" endTime="2026-01-27T14:27:51.1824840+05:30" testType="13cdc9d9-ddb5-4fa4-a97d-d965ccfc6d4b" outcome="Passed" testListId="8c84fa94-04c1-424b-9868-57a2d4851a1d" relativeResultsDirectory="9a0de200-2835-45ac-8c3f-244cf140d570" />
    <UnitTestResult executionId="97ebb8b0-24a2-48d5-82c7-83bdf43f8aa3" testId="6a34fd55-56db-325f-5870-4187aba659a4" testName="CourierService.Tests.Integration.CourierServiceIntegrationTests.OfferService_Integration_CalculatesCorrectDiscount(offerCode: &quot;OFR002&quot;, distance: 100, weight: 150, deliveryCost: 2100, expectedDiscount: 147)" computerName="Sudhirs-MacBook-Pro" duration="00:00:00.0000153" startTime="2026-01-27T14:27:51.1829530+05:30" endTime="2026-01-27T14:27:51.1829530+05:30" testType="13cdc9d9-ddb5-4fa4-a97d-d965ccfc6d4b" outcome="Passed" testListId="8c84fa94-04c1-424b-9868-57a2d4851a1d" relativeResultsDirectory="97ebb8b0-24a2-48d5-82c7-83bdf43f8aa3" />
    <UnitTestResult executionId="5bf795b1-935b-444a-b8b7-bcb2692ce3da" testId="d69d3d28-21e5-2bec-fb4f-5938094ef0fc" testName="CourierService.Tests.Infrastructure.Offers.OfferServiceTests.IsValidOffer_ReturnsExpectedResult(offerCode: &quot;OFR003&quot;, distance: 250, weight: 150, expected: True)" computerName="Sudhirs-MacBook-Pro" duration="00:00:00.0000054" startTime="2026-01-27T14:27:51.1818800+05:30" endTime="2026-01-27T14:27:51.1818800+05:30" testType="13cdc9d9-ddb5-4fa4-a97d-d965ccfc6d4b" outcome="Passed" testListId="8c84fa94-04c1-424b-9868-57a2d4851a1d" relativeResultsDirectory="5bf795b1-935b-444a-b8b7-bcb2692ce3da" />
    <UnitTestResult executionId="80042c18-e87d-4b22-89d8-de759bb644c1" testId="6aad6691-715a-5c31-139f-6ee9db16debf" testName="CourierService.Tests.Infrastructure.Offers.OfferServiceTests.CalculateDiscount_ReturnsExpectedAmount(offerCode: &quot;OFR001&quot;, distance: 150, weight: 100, deliveryCost: 1850, expectedDiscount: 185)" computerName="Sudhirs-MacBook-Pro" duration="00:00:00.0000026" startTime="2026-01-27T14:27:51.1826540+05:30" endTime="2026-01-27T14:27:51.1826540+05:30" testType="13cdc9d9-ddb5-4fa4-a97d-d965ccfc6d4b" outcome="Passed" testListId="8c84fa94-04c1-424b-9868-57a2d4851a1d" relativeResultsDirectory="80042c18-e87d-4b22-89d8-de759bb644c1" />
    <UnitTestResult executionId="3e83e3fb-35d0-424b-8b2c-eea6e4bb04ea" testId="592c8293-06fa-e4bd-1c34-ac0754ec43af" testName="CourierService.Tests.Core.Models.DeliveryResultTests.DeliveryResult_Properties_SetCorrectly" computerName="Sudhirs-MacBook-Pro" duration="00:00:00.0003048" startTime="2026-01-27T14:27:51.1824730+05:30" endTime="2026-01-27T14:27:51.1824740+05:30" testType="13cdc9d9-ddb5-4fa4-a97d-d965ccfc6d4b" outcome="Passed" testListId="8c84fa94-04c1-424b-9868-57a2d4851a1d" relativeResultsDirectory="3e83e3fb-35d0-424b-8b2c-eea6e4bb04ea" />
    <UnitTestResult executionId="a63aa0ef-d17c-41fd-837e-30cb72aa1eb0" testId="e9558655-1d91-425f-0131-c54127016951" testName="CourierService.Tests.Core.Services.PackageProcessorTests.ProcessPackagesForDeliveryCost_EmptyList_ReturnsEmptyResults" computerName="Sudhirs-MacBook-Pro" duration="00:00:00.0000906" startTime="2026-01-27T14:27:51.1979530+05:30" endTime="2026-01-27T14:27:51.1979530+05:30" testType="13cdc9d9-ddb5-4fa4-a97d-d965ccfc6d4b" outcome="Passed" testListId="8c84fa94-04c1-424b-9868-57a2d4851a1d" relativeResultsDirectory="a63aa0ef-d17c-41fd-837e-30cb72aa1eb0" />
    <UnitTestResult executionId="e6190ac3-6c4a-4042-858c-d2c7569b9268" testId="8c4732e1-a155-c002-d7d1-252072bb151b" testName="CourierService.Tests.Infrastructure.Offers.OfferServiceTests.CalculateDiscount_ReturnsExpectedAmount(offerCode: &quot;OFR002&quot;, distance: 100, weight: 150, deliveryCost: 2100, expectedDiscount: 147)" computerName="Sudhirs-MacBook-Pro" duration="00:00:00.0002571" startTime="2026-01-27T14:27:51.1824600+05:30" endTime="2026-01-27T14:27:51.1824600+05:30" testType="13cdc9d9-ddb5-4fa4-a97d-d965ccfc6d4b" outcome="Passed" testListId="8c84fa94-04c1-424b-9868-57a2d4851a1d" relativeResultsDirectory="e6190ac3-6c4a-4042-858c-d2c7569b9268" />
    <UnitTestResult executionId="8a360eb7-fe43-4d2c-813d-cbbe22805608" testId="29f0fd2c-71fc-e407-dfea-d0f6c0162b38" testName="CourierService.Tests.Infrastructure.Offers.OfferServiceTests.CalculateDiscount_ReturnsExpectedAmount(offerCode: &quot;OFR001&quot;, distance: 250, weight: 100, deliveryCost: 2100, expectedDiscount: 0)" computerName="Sudhirs-MacBook-Pro" duration="00:00:00.0000025" startTime="2026-01-27T14:27:51.1826380+05:30" endTime="2026-01-27T14:27:51.1826380+05:30" testType="13cdc9d9-ddb5-4fa4-a97d-d965ccfc6d4b" outcome="Passed" testListId="8c84fa94-04c1-424b-9868-57a2d4851a1d" relativeResultsDirectory="8a360eb7-fe43-4d2c-813d-cbbe22805608" />
    <UnitTestResult executionId="29151d2f-eeb2-406c-b76b-476c3ca6d76d" testId="0f38eb80-8d8e-8c21-092d-f05c4131cce5" testName="CourierService.Tests.Infrastructure.Parsers.InputParserTests.ParseDeliveryTimeInput_InvalidInput_ThrowsException(input: &quot;100&quot;)" computerName="Sudhirs-MacBook-Pro" duration="00:00:00.0000080" startTime="2026-01-27T14:27:51.1812090+05:30" endTime="2026-01-27T14:27:51.1812090+05:30" testType="13cdc9d9-ddb5-4fa4-a97d-d965ccfc6d4b" outcome="Passed" testListId="8c84fa94-04c1-424b-9868-57a2d4851a1d" relativeResultsDirectory="29151d2f-eeb2-406c-b76b-476c3ca6d76d" />
    <UnitTestResult executionId="e1b17b94-3484-4775-8d1e-5468f84fae25" testId="836960ab-5809-b00f-9712-008c18654529" testName="CourierService.Tests.Infrastructure.Offers.OfferServiceTests.AddOffer_AddsNewOfferToCollection" computerName="Sudhirs-MacBook-Pro" duration="00:00:00.0001715" startTime="2026-01-27T14:27:51.1826940+05:30" endTime="2026-01-27T14:27:51.1826940+05:30" testType="13cdc9d9-ddb5-4fa4-a97d-d965ccfc6d4b" outcome="Passed" testListId="8c84fa94-04c1-424b-9868-57a2d4851a1d" relativeResultsDirectory="e1b17b94-3484-4775-8d1e-5468f84fae25" />
    <UnitTestResult executionId="271cc77f-c165-424f-aa98-1016bc8ab133" testId="9d2e8765-e513-1680-3c8d-f0156de36063" testName="CourierService.Tests.Core.Services.PackageProcessorTests.ProcessPackagesWithDeliveryTime_DelegatesToTimeCalculator" computerName="Sudhirs-MacBook-Pro" duration="00:00:00.0043101" startTime="2026-01-27T14:27:51.1962090+05:30" endTime="2026-01-27T14:27:51.1962090+05:30" testType="13cdc9d9-ddb5-4fa4-a97d-d965ccfc6d4b" outcome="Passed" testListId="8c84fa94-04c1-424b-9868-57a2d4851a1d" relativeResultsDirectory="271cc77f-c165-424f-aa98-1016bc8ab133" />
    <UnitTestResult executionId="f1d2c986-630a-4894-9fa4-23762ac39453" testId="f7b5c4af-b631-4eff-441f-3b5391b755ca" testName="CourierService.Tests.Core.Models.OfferTests.Offer_Constructor_SetsProperties" computerName="Sudhirs-MacBook-Pro" duration="00:00:00.0055763" startTime="2026-01-27T14:27:51.1822100+05:30" endTime="2026-01-27T14:27:51.1822100+05:30" testType="13cdc9d9-ddb5-4fa4-a97d-d965ccfc6d4b" outcome="Passed" testListId="8c84fa94-04c1-424b-9868-57a2d4851a1d" relativeResultsDirectory="f1d2c986-630a-4894-9fa4-23762ac39453" />
    <UnitTestResult executionId="7eaa457a-d607-45a4-963b-79ca9be546eb" testId="e0ab1f2f-02f4-8b0a-0638-a2582e3282f3" testName="CourierService.Tests.Core.Services.Delivery.DeliveryCostCalculatorTests.CalculateDeliveryCost_ReturnsCorrectCostWithDiscount" computerName="Sudhirs-MacBook-Pro" duration="00:00:00.0324849" startTime="2026-01-27T14:27:51.1918710+05:30" endTime="2026-01-27T14:27:51.1918710+05:30" testType="13cdc9d9-ddb5-4fa4-a97d-d965ccfc6d4b" outcome="Passed" testListId="8c84fa94-04c1-424b-9868-57a2d4851a1d" relativeResultsDirectory="7eaa457a-d607-45a4-963b-79ca9be546eb" />
    <UnitTestResult executionId="dc082dfd-134f-455b-b3aa-b0be29c7bd87" testId="ff921944-9d3b-c159-5f16-9dde759e83ad" testName="CourierService.Tests.Core.Models.VehicleTests.Vehicle_CanCarry_ReturnsTrueWhenWeightAvailable" computerName="Sudhirs-MacBook-Pro" duration="00:00:00.0001240" startTime="2026-01-27T14:27:51.1811010+05:30" endTime="2026-01-27T14:27:51.1811010+05:30" testType="13cdc9d9-ddb5-4fa4-a97d-d965ccfc6d4b" outcome="Passed" testListId="8c84fa94-04c1-424b-9868-57a2d4851a1d" relativeResultsDirectory="dc082dfd-134f-455b-b3aa-b0be29c7bd87" />
    <UnitTestResult executionId="ca216e9d-6566-4807-bfe6-1cbeab545295" testId="28025eb2-b5a0-9e5e-b454-77e928d2b01b" testName="CourierService.Tests.Infrastructure.Offers.OfferServiceTests.IsValidOffer_ReturnsExpectedResult(offerCode: &quot;NA&quot;, distance: 100, weight: 120, expected: False)" computerName="Sudhirs-MacBook-Pro" duration="00:00:00.0000018" startTime="2026-01-27T14:27:51.1821940+05:30" endTime="2026-01-27T14:27:51.1821940+05:30" testType="13cdc9d9-ddb5-4fa4-a97d-d965ccfc6d4b" outcome="Passed" testListId="8c84fa94-04c1-424b-9868-57a2d4851a1d" relativeResultsDirectory="ca216e9d-6566-4807-bfe6-1cbeab545295" />
    <UnitTestResult executionId="0ae3ce2c-55e9-4666-9f1a-281d2391d777" testId="c25c9e56-b9a2-1499-6c06-b96ce5590e5f" testName="CourierService.Tests.Core.Services.Delivery.DeliveryCostCalculatorTests.CalculateDeliveryCost_ThrowsExceptionForNullPackage" computerName="Sudhirs-MacBook-Pro" duration="00:00:00.0002429" startTime="2026-01-27T14:27:51.1922140+05:30" endTime="2026-01-27T14:27:51.1922140+05:30" testType="13cdc9d9-ddb5-4fa4-a97d-d965ccfc6d4b" outcome="Passed" testListId="8c84fa94-04c1-424b-9868-57a2d4851a1d" relativeResultsDirectory="0ae3ce2c-55e9-4666-9f1a-281d2391d777" />
    <UnitTestResult executionId="3cf61528-6650-47bb-902a-1f0aaa87d6da" testId="73927546-11f9-a4ae-f6dc-a21bbbb0df2a" testName="CourierService.Tests.Infrastructure.Offers.OfferServiceTests.CalculateDiscount_ReturnsExpectedAmount(offerCode: &quot;OFFR002&quot;, distance: 60, weight: 110, deliveryCost: 1500, expectedDiscount: 105)" computerName="Sudhirs-MacBook-Pro" duration="00:00:00.0000036" startTime="2026-01-27T14:27:51.1826670+05:30" endTime="2026-01-27T14:27:51.1826670+05:30" testType="13cdc9d9-ddb5-4fa4-a97d-d965ccfc6d4b" outcome="Passed" testListId="8c84fa94-04c1-424b-9868-57a2d4851a1d" relativeResultsDirectory="3cf61528-6650-47bb-902a-1f0aaa87d6da" />
    <UnitTestResult executionId="2d70bfe1-adf1-4fdc-b62f-cd419a9504c4" testId="62126227-e549-3936-3f00-2665d020fc2f" testName="CourierService.Tests.Infrastructure.Parsers.InputParserTests.ParseDeliveryTimeInput_ValidInput_ReturnsAllData" computerName="Sudhirs-MacBook-Pro" duration="00:00:00.0001649" startTime="2026-01-27T14:27:51.1829160+05:30" endTime="2026-01-27T14:27:51.1829160+05:30" testType="13cdc9d9-ddb5-4fa4-a97d-d965ccfc6d4b" outcome="Passed" testListId="8c84fa94-04c1-424b-9868-57a2d4851a1d" relativeResultsDirectory="2d70bfe1-adf1-4fdc-b62f-cd419a9504c4" />
    <UnitTestResult executionId="f79954ec-5de6-404d-85ec-9f537d028148" testId="c4c73cbc-bc55-2a8b-c825-c45f1cdea21f" testName="CourierService.Tests.Infrastructure.Offers.OfferServiceTests.IsValidOffer_ReturnsExpectedResult(offerCode: &quot;OFR002&quot;, distance: 100, weight: 150, expected: True)" computerName="Sudhirs-MacBook-Pro" duration="00:00:00.0000017" startTime="2026-01-27T14:27:51.1823980+05:30" endTime="2026-01-27T14:27:51.1823980+05:30" testType="13cdc9d9-ddb5-4fa4-a97d-d965ccfc6d4b" outcome="Passed" testListId="8c84fa94-04c1-424b-9868-57a2d4851a1d" relativeResultsDirectory="f79954ec-5de6-404d-85ec-9f537d028148" />
    <UnitTestResult executionId="492be9f3-3c61-438f-8a65-9a2108136ce3" testId="1584547c-f32a-f367-029c-11f6f5cfed84" testName="CourierService.Tests.Infrastructure.Offers.OfferServiceTests.IsValidOffer_ReturnsExpectedResult(offerCode: null, distance: 100, weight: 100, expected: False)" computerName="Sudhirs-MacBook-Pro" duration="00:00:00.0000038" startTime="2026-01-27T14:27:51.1819070+05:30" endTime="2026-01-27T14:27:51.1819070+05:30" testType="13cdc9d9-ddb5-4fa4-a97d-d965ccfc6d4b" outcome="Passed" testListId="8c84fa94-04c1-424b-9868-57a2d4851a1d" relativeResultsDirectory="492be9f3-3c61-438f-8a65-9a2108136ce3" />
    <UnitTestResult executionId="811ed76a-3133-4c57-a740-932984a745c9" testId="73a22f7d-0198-9ad4-d390-6126e50f9a40" testName="CourierService.Tests.Infrastructure.Parsers.InputParserTests.ParseDeliveryCostInput_InvalidInput_ThrowsException(input: &quot;100 2 PKG1 5 5 OFR001&quot;)" computerName="Sudhirs-MacBook-Pro" duration="00:00:00.0000489" startTime="2026-01-27T14:27:51.1812560+05:30" endTime="2026-01-27T14:27:51.1812560+05:30" testType="13cdc9d9-ddb5-4fa4-a97d-d965ccfc6d4b" outcome="Passed" testListId="8c84fa94-04c1-424b-9868-57a2d4851a1d" relativeResultsDirectory="811ed76a-3133-4c57-a740-932984a745c9" />
    <UnitTestResult executionId="17457d82-1764-44e7-8e68-40a335aee882" testId="c0e8b6bf-1219-d1ea-4a87-b16fc6bfd7e3" testName="CourierService.Tests.Infrastructure.Offers.OfferServiceTests.IsValidOffer_ReturnsExpectedResult(offerCode: &quot;OFR002&quot;, distance: 100, weight: 90, expected: False)" computerName="Sudhirs-MacBook-Pro" duration="00:00:00.0000020" startTime="2026-01-27T14:27:51.1819330+05:30" endTime="2026-01-27T14:27:51.1819330+05:30" testType="13cdc9d9-ddb5-4fa4-a97d-d965ccfc6d4b" outcome="Passed" testListId="8c84fa94-04c1-424b-9868-57a2d4851a1d" relativeResultsDirectory="17457d82-1764-44e7-8e68-40a335aee882" />
    <UnitTestResult executionId="be1d52c1-daa3-45a7-833d-99d30367b9a8" testId="b133ff53-1e9a-d884-d0a6-6827e23c5eff" testName="CourierService.Tests.Infrastructure.Parsers.InputParserTests.ParseDeliveryCostInput_HandlesDecimalValues" computerName="Sudhirs-MacBook-Pro" duration="00:00:00.0000798" startTime="2026-01-27T14:27:51.1828970+05:30" endTime="2026-01-27T14:27:51.1828970+05:30" testType="13cdc9d9-ddb5-4fa4-a97d-d965ccfc6d4b" outcome="Passed" testListId="8c84fa94-04c1-424b-9868-57a2d4851a1d" relativeResultsDirectory="be1d52c1-daa3-45a7-833d-99d30367b9a8" />
    <UnitTestResult executionId="d197ba5b-177c-4934-a822-680c71dcb1ef" testId="797939c2-c506-a20b-369e-585149ce72b7" testName="CourierService.Tests.Infrastructure.Parsers.InputParserTests.ParseDeliveryCostInput_InvalidInput_ThrowsException(input: &quot;&quot;)" computerName="Sudhirs-MacBook-Pro" duration="00:00:00.0000053" startTime="2026-01-27T14:27:51.1812930+05:30" endTime="2026-01-27T14:27:51.1812930+05:30" testType="13cdc9d9-ddb5-4fa4-a97d-d965ccfc6d4b" outcome="Passed" testListId="8c84fa94-04c1-424b-9868-57a2d4851a1d" relativeResultsDirectory="d197ba5b-177c-4934-a822-680c71dcb1ef" />
    <UnitTestResult executionId="c218e919-53ad-40d1-a67b-f85c2b68a696" testId="510291e9-41e8-b6f1-7337-30ef38e6d145" testName="CourierService.Tests.Integration.CourierServiceIntegrationTests.OfferService_Integration_CalculatesCorrectDiscount(offerCode: &quot;OFR003&quot;, distance: 100, weight: 100, deliveryCost: 1600, expectedDiscount: 80)" computerName="Sudhirs-MacBook-Pro" duration="00:00:00.0094180" startTime="2026-01-27T14:27:51.1829280+05:30" endTime="2026-01-27T14:27:51.1829280+05:30" testType="13cdc9d9-ddb5-4fa4-a97d-d965ccfc6d4b" outcome="Passed" testListId="8c84fa94-04c1-424b-9868-57a2d4851a1d" relativeResultsDirectory="c218e919-53ad-40d1-a67b-f85c2b68a696" />
    <UnitTestResult executionId="faccd342-dab0-4a69-9d72-5a6d4fcde054" testId="c1042982-4b8a-b720-2bf5-da338a4352ab" testName="CourierService.Tests.Infrastructure.Offers.OfferServiceTests.IsValidOffer_ReturnsExpectedResult(offerCode: &quot;OFR003&quot;, distance: 49, weight: 50, expected: False)" computerName="Sudhirs-MacBook-Pro" duration="00:00:00.0000017" startTime="2026-01-27T14:27:51.1821160+05:30" endTime="2026-01-27T14:27:51.1821160+05:30" testType="13cdc9d9-ddb5-4fa4-a97d-d965ccfc6d4b" outcome="Passed" testListId="8c84fa94-04c1-424b-9868-57a2d4851a1d" relativeResultsDirectory="faccd342-dab0-4a69-9d72-5a6d4fcde054" />
    <UnitTestResult executionId="97938397-1e34-4a3f-898d-2a57b906ada2" testId="2035af78-20ce-1aa1-0886-877e7cfc33e8" testName="CourierService.Tests.Infrastructure.Parsers.InputParserTests.ParseDeliveryTimeInput_HandlesExtraSpaces" computerName="Sudhirs-MacBook-Pro" duration="00:00:00.0016374" startTime="2026-01-27T14:27:51.1827210+05:30" endTime="2026-01-27T14:27:51.1827210+05:30" testType="13cdc9d9-ddb5-4fa4-a97d-d965ccfc6d4b" outcome="Passed" testListId="8c84fa94-04c1-424b-9868-57a2d4851a1d" relativeResultsDirectory="97938397-1e34-4a3f-898d-2a57b906ada2" />
    <UnitTestResult executionId="49ac463e-88c2-4b56-96f4-be0d81b57688" testId="6c8e8576-f752-bc4c-cdd6-8e714514d0a3" testName="CourierService.Tests.Infrastructure.Offers.OfferServiceTests.IsValidOffer_ReturnsExpectedResult(offerCode: &quot;&quot;, distance: 100, weight: 100, expected: False)" computerName="Sudhirs-MacBook-Pro" duration="00:00:00.0000020" startTime="2026-01-27T14:27:51.1819210+05:30" endTime="2026-01-27T14:27:51.1819210+05:30" testType="13cdc9d9-ddb5-4fa4-a97d-d965ccfc6d4b" outcome="Passed" testListId="8c84fa94-04c1-424b-9868-57a2d4851a1d" relativeResultsDirectory="49ac463e-88c2-4b56-96f4-be0d81b57688" />
    <UnitTestResult executionId="deec77eb-e33e-4e07-a248-2f4b9e19c138" testId="6b320c50-eaa8-7bce-bfb2-fd11f2382eed" testName="CourierService.Tests.Infrastructure.Parsers.InputParserTests.ParseDeliveryCostInput_ValidInput_ReturnsPackages" computerName="Sudhirs-MacBook-Pro" duration="00:00:00.0002058" startTime="2026-01-27T14:27:51.1827520+05:30" endTime="2026-01-27T14:27:51.1827520+05:30" testType="13cdc9d9-ddb5-4fa4-a97d-d965ccfc6d4b" outcome="Passed" testListId="8c84fa94-04c1-424b-9868-57a2d4851a1d" relativeResultsDirectory="deec77eb-e33e-4e07-a248-2f4b9e19c138" />
    <UnitTestResult executionId="4d89fed2-e2b8-4716-a649-0cd42560e3d0" testId="7667a18e-8b6c-abed-05fe-9ae4e2f46e1d" testName="CourierService.Tests.Integration.CourierServiceIntegrationTests.OfferService_Integration_CalculatesCorrectDiscount(offerCode: &quot;OFR001&quot;, distance: 250, weight: 100, deliveryCost: 2100, expectedDiscount: 0)" computerName="Sudhirs-MacBook-Pro" duration="00:00:00.0002486" startTime="2026-01-27T14:27:51.1829400+05:30" endTime="2026-01-27T14:27:51.1829400+05:30" testType="13cdc9d9-ddb5-4fa4-a97d-d965ccfc6d4b" outcome="Passed" testListId="8c84fa94-04c1-424b-9868-57a2d4851a1d" relativeResultsDirectory="4d89fed2-e2b8-4716-a649-0cd42560e3d0" />
    <UnitTestResult executionId="dad10f76-e92a-4a35-9b59-b90b08d63e9c" testId="c42be582-380a-fa31-d8b7-450a713a29c4" testName="CourierService.Tests.Infrastructure.Parsers.InputParserTests.ParseDeliveryTimeInput_FullExampleFromPDF" computerName="Sudhirs-MacBook-Pro" duration="00:00:00.0001472" startTime="2026-01-27T14:27:51.1827370+05:30" endTime="2026-01-27T14:27:51.1827370+05:30" testType="13cdc9d9-ddb5-4fa4-a97d-d965ccfc6d4b" outcome="Passed" testListId="8c84fa94-04c1-424b-9868-57a2d4851a1d" relativeResultsDirectory="dad10f76-e92a-4a35-9b59-b90b08d63e9c" />
    <UnitTestResult executionId="9a3b49c9-0dc3-48ef-ab5b-12e326fbdfcc" testId="10ec3b42-1daa-8fd7-c4f8-06be9128d25e" testName="CourierService.Tests.Integration.CourierServiceIntegrationTests.FullPipeline_DeliveryCostWithDiscounts_ReturnsCorrectResults" computerName="Sudhirs-MacBook-Pro" duration="00:00:00.0003822" startTime="2026-01-27T14:27:51.1829960+05:30" endTime="2026-01-27T14:27:51.1829960+05:30" testType="13cdc9d9-ddb5-4fa4-a97d-d965ccfc6d4b" outcome="Passed" testListId="8c84fa94-04c1-424b-9868-57a2d4851a1d" relativeResultsDirectory="9a3b49c9-0dc3-48ef-ab5b-12e326fbdfcc" />
    <UnitTestResult executionId="3a3ccb1b-27f9-414f-8e86-3402310c9790" testId="ed8b879e-308d-97a0-7d6e-aae58bbc8120" testName="CourierService.Tests.Infrastructure.Offers.OfferServiceTests.IsValidOffer_ReturnsExpectedResult(offerCode: &quot;OFR001&quot;, distance: 199, weight: 70, expected: True)" computerName="Sudhirs-MacBook-Pro" duration="00:00:00.0000018" startTime="2026-01-27T14:27:51.1821310+05:30" endTime="2026-01-27T14:27:51.1821310+05:30" testType="13cdc9d9-ddb5-4fa4-a97d-d965ccfc6d4b" outcome="Passed" testListId="8c84fa94-04c1-424b-9868-57a2d4851a1d" relativeResultsDirectory="3a3ccb1b-27f9-414f-8e86-3402310c9790" />
    <UnitTestResult executionId="d01e01be-bff7-4b8f-933c-a8d0455be44c" testId="12347842-f523-ef1b-f50a-d2d759c9031d" testName="CourierService.Tests.Core.Services.Delivery.DeliveryCostCalculatorTests.CalculateDeliveryCost_RoundsToTwoDecimalPlaces" computerName="Sudhirs-MacBook-Pro" duration="00:00:00.0006311" startTime="2026-01-27T14:27:51.1937340+05:30" endTime="2026-01-27T14:27:51.1937340+05:30" testType="13cdc9d9-ddb5-4fa4-a97d-d965ccfc6d4b" outcome="Passed" testListId="8c84fa94-04c1-424b-9868-57a2d4851a1d" relativeResultsDirectory="d01e01be-bff7-4b8f-933c-a8d0455be44c" />
    <UnitTestResult executionId="732105b0-9d96-4177-ab64-3e07abce05a0" testId="8d1eec20-a990-c008-e1c7-864ba82ac434" testName="CourierService.Tests.Infrastructure.Offers.OfferServiceTests.IsValidOffer_ReturnsExpectedResult(offerCode: &quot;OFR002&quot;, distance: 50, weight: 100, expected: True)" computerName="Sudhirs-MacBook-Pro" duration="00:00:00.0000017" startTime="2026-01-27T14:27:51.1824100+05:30" endTime="2026-01-27T14:27:51.1824100+05:30" testType="13cdc9d9-ddb5-4fa4-a97d-d965ccfc6d4b" outcome="Passed" testListId="8c84fa94-04c1-424b-9868-57a2d4851a1d" relativeResultsDirectory="732105b0-9d96-4177-ab64-3e07abce05a0" />
    <UnitTestResult executionId="9b31b065-0b00-4d2d-bf40-d914f0013249" testId="78ec343d-72ef-b483-2733-fef80fa5d534" testName="CourierService.Tests.Infrastructure.Offers.OfferServiceTests.IsValidOffer_ReturnsExpectedResult(offerCode: &quot;OFR003&quot;, distance: 100, weight: 9, expected: False)" computerName="Sudhirs-MacBook-Pro" duration="00:00:00.0000019" startTime="2026-01-27T14:27:51.1819460+05:30" endTime="2026-01-27T14:27:51.1819460+05:30" testType="13cdc9d9-ddb5-4fa4-a97d-d965ccfc6d4b" outcome="Passed" testListId="8c84fa94-04c1-424b-9868-57a2d4851a1d" relativeResultsDirectory="9b31b065-0b00-4d2d-bf40-d914f0013249" />
    <UnitTestResult executionId="894887d5-86d6-4f85-90eb-3b81c77aee0a" testId="f2ddd3fa-4d40-8839-5632-409158772b91" testName="CourierService.Tests.Infrastructure.Offers.OfferServiceTests.IsValidOffer_ReturnsExpectedResult(offerCode: &quot;OFFR002&quot;, distance: 100, weight: 120, expected: True)" computerName="Sudhirs-MacBook-Pro" duration="00:00:00.0000019" startTime="2026-01-27T14:27:51.1823830+05:30" endTime="2026-01-27T14:27:51.1823830+05:30" testType="13cdc9d9-ddb5-4fa4-a97d-d965ccfc6d4b" outcome="Passed" testListId="8c84fa94-04c1-424b-9868-57a2d4851a1d" relativeResultsDirectory="894887d5-86d6-4f85-90eb-3b81c77aee0a" />
    <UnitTestResult executionId="c05ffbee-d4e0-42db-af62-9a4e218958a4" testId="fda34c20-da32-cfae-a93e-4dc11179268a" testName="CourierService.Tests.Infrastructure.Parsers.InputParserTests.ParseDeliveryCostInput_InvalidInput_ThrowsException(input: &quot;100&quot;)" computerName="Sudhirs-MacBook-Pro" duration="00:00:00.0000060" startTime="2026-01-27T14:27:51.1812780+05:30" endTime="2026-01-27T14:27:51.1812780+05:30" testType="13cdc9d9-ddb5-4fa4-a97d-d965ccfc6d4b" outcome="Passed" testListId="8c84fa94-04c1-424b-9868-57a2d4851a1d" relativeResultsDirectory="c05ffbee-d4e0-42db-af62-9a4e218958a4" />
    <UnitTestResult executionId="c4f05b31-dbd8-4481-8b3d-9bf3062562f9" testId="bd7939a1-4071-2c81-7473-56eb731dcebb" testName="CourierService.Tests.Core.Models.PackageTests.Package_Constructor_SetsProperties" computerName="Sudhirs-MacBook-Pro" duration="00:00:00.0056615" startTime="2026-01-27T14:27:51.1824310+05:30" endTime="2026-01-27T14:27:51.1824310+05:30" testType="13cdc9d9-ddb5-4fa4-a97d-d965ccfc6d4b" outcome="Passed" testListId="8c84fa94-04c1-424b-9868-57a2d4851a1d" relativeResultsDirectory="c4f05b31-dbd8-4481-8b3d-9bf3062562f9" />
    <UnitTestResult executionId="82218d94-b517-4c3c-9898-e25d0902d2d8" testId="d2842dff-d71f-5ff5-dcf4-6f3ac6e9045e" testName="CourierService.Tests.Core.Services.Delivery.DeliveryCostCalculatorTests.CalculateDeliveryCost_ReturnsCorrectCostWithoutDiscount" computerName="Sudhirs-MacBook-Pro" duration="00:00:00.0009103" startTime="2026-01-27T14:27:51.1930670+05:30" endTime="2026-01-27T14:27:51.1930670+05:30" testType="13cdc9d9-ddb5-4fa4-a97d-d965ccfc6d4b" outcome="Passed" testListId="8c84fa94-04c1-424b-9868-57a2d4851a1d" relativeResultsDirectory="82218d94-b517-4c3c-9898-e25d0902d2d8" />
    <UnitTestResult executionId="ef531ad2-15cf-44d9-a0fe-349298f5efa3" testId="683f517d-0de4-8934-67c5-490452695bc0" testName="CourierService.Tests.Infrastructure.Offers.OfferServiceTests.IsValidOffer_ReturnsExpectedResult(offerCode: &quot;OFR001&quot;, distance: 150, weight: 50, expected: False)" computerName="Sudhirs-MacBook-Pro" duration="00:00:00.0001909" startTime="2026-01-27T14:27:51.1818650+05:30" endTime="2026-01-27T14:27:51.1818650+05:30" testType="13cdc9d9-ddb5-4fa4-a97d-d965ccfc6d4b" outcome="Passed" testListId="8c84fa94-04c1-424b-9868-57a2d4851a1d" relativeResultsDirectory="ef531ad2-15cf-44d9-a0fe-349298f5efa3" />
    <UnitTestResult executionId="f0ea8513-4558-4d35-ab48-0a74f1653943" testId="0a8b8626-6790-6512-4bb7-bc84c1f2950c" testName="CourierService.Tests.Core.Models.VehicleTests.Vehicle_CanCarry_ReturnsFalseWhenWeightExceeded" computerName="Sudhirs-MacBook-Pro" duration="00:00:00.0034817" startTime="2026-01-27T14:27:51.1660760+05:30" endTime="2026-01-27T14:27:51.1660980+05:30" testType="13cdc9d9-ddb5-4fa4-a97d-d965ccfc6d4b" outcome="Passed" testListId="8c84fa94-04c1-424b-9868-57a2d4851a1d" relativeResultsDirectory="f0ea8513-4558-4d35-ab48-0a74f1653943" />
    <UnitTestResult executionId="f68f1277-39c5-45b3-9d99-bdb00156fe9f" testId="66a2537e-e618-e039-2fef-0282905e4044" testName="CourierService.Tests.Infrastructure.Offers.OfferServiceTests.IsValidOffer_ReturnsExpectedResult(offerCode: &quot;INVALID&quot;, distance: 100, weight: 100, expected: False)" computerName="Sudhirs-MacBook-Pro" duration="00:00:00.0000030" startTime="2026-01-27T14:27:51.1821820+05:30" endTime="2026-01-27T14:27:51.1821820+05:30" testType="13cdc9d9-ddb5-4fa4-a97d-d965ccfc6d4b" outcome="Passed" testListId="8c84fa94-04c1-424b-9868-57a2d4851a1d" relativeResultsDirectory="f68f1277-39c5-45b3-9d99-bdb00156fe9f" />
    <UnitTestResult executionId="ce1be49c-d965-4ec3-91c7-7848d6b6e012" testId="f4717b04-3842-5b95-54a0-034796679f30" testName="CourierService.Tests.Integration.CourierServiceIntegrationTests.FullPipeline_DeliveryCostOnly_ReturnsCorrectResults" computerName="Sudhirs-MacBook-Pro" duration="00:00:00.0009852" startTime="2026-01-27T14:27:51.1829810+05:30" endTime="2026-01-27T14:27:51.1829810+05:30" testType="13cdc9d9-ddb5-4fa4-a97d-d965ccfc6d4b" outcome="Passed" testListId="8c84fa94-04c1-424b-9868-57a2d4851a1d" relativeResultsDirectory="ce1be49c-d965-4ec3-91c7-7848d6b6e012" />
    <UnitTestResult executionId="4eea5a26-d492-4d00-a45e-0a67be90c022" testId="8661fae1-ee67-167b-dd3a-08ec8de8104d" testName="CourierService.Tests.Infrastructure.Offers.OfferServiceTests.CalculateDiscount_RoundsToTwoDecimalPlaces" computerName="Sudhirs-MacBook-Pro" duration="00:00:00.0000510" startTime="2026-01-27T14:27:51.1827110+05:30" endTime="2026-01-27T14:27:51.1827110+05:30" testType="13cdc9d9-ddb5-4fa4-a97d-d965ccfc6d4b" outcome="Passed" testListId="8c84fa94-04c1-424b-9868-57a2d4851a1d" relativeResultsDirectory="4eea5a26-d492-4d00-a45e-0a67be90c022" />
    <UnitTestResult executionId="e9cc1c4c-a624-4e67-aeff-2987d7f6652a" testId="8fde8a46-0494-9e78-95d9-18fa69ebd879" testName="CourierService.Tests.Infrastructure.Parsers.InputParserTests.ParseDeliveryTimeInput_InvalidInput_ThrowsException(input: &quot;100 3 PKG1 5 5 OFR001 PKG2 15 5 2 70 200&quot;)" computerName="Sudhirs-MacBook-Pro" duration="00:00:00.0000151" startTime="2026-01-27T14:27:51.1811870+05:30" endTime="2026-01-27T14:27:51.1811870+05:30" testType="13cdc9d9-ddb5-4fa4-a97d-d965ccfc6d4b" outcome="Passed" testListId="8c84fa94-04c1-424b-9868-57a2d4851a1d" relativeResultsDirectory="e9cc1c4c-a624-4e67-aeff-2987d7f6652a" />
    <UnitTestResult executionId="7f1b82a9-d70b-47e2-8404-3a4ee7dc867a" testId="7be5fc82-4125-4cd1-cbaa-052f231baa0b" testName="CourierService.Tests.Infrastructure.Offers.OfferServiceTests.IsValidOffer_ReturnsExpectedResult(offerCode: &quot;OFR003&quot;, distance: 100, weight: 50, expected: True)" computerName="Sudhirs-MacBook-Pro" duration="00:00:00.0000017" startTime="2026-01-27T14:27:51.1822070+05:30" endTime="2026-01-27T14:27:51.1822070+05:30" testType="13cdc9d9-ddb5-4fa4-a97d-d965ccfc6d4b" outcome="Passed" testListId="8c84fa94-04c1-424b-9868-57a2d4851a1d" relativeResultsDirectory="7f1b82a9-d70b-47e2-8404-3a4ee7dc867a" />
    <UnitTestResult executionId="d33acf03-dcfd-4648-b3d4-73d58d43c6d8" testId="b2e9a9c1-0e65-e32f-15b2-b0d30298dac8" testName="CourierService.Tests.Infrastructure.Offers.OfferServiceTests.IsValidOffer_ReturnsExpectedResult(offerCode: &quot;OFFR08&quot;, distance: 100, weight: 120, expected: False)" computerName="Sudhirs-MacBook-Pro" duration="00:00:00.0000016" startTime="2026-01-27T14:27:51.1821430+05:30" endTime="2026-01-27T14:27:51.1821430+05:30" testType="13cdc9d9-ddb5-4fa4-a97d-d965ccfc6d4b" outcome="Passed" testListId="8c84fa94-04c1-424b-9868-57a2d4851a1d" relativeResultsDirectory="d33acf03-dcfd-4648-b3d4-73d58d43c6d8" />
    <UnitTestResult executionId="75ca30e2-55a7-457d-a45f-155501320b76" testId="f8cad89d-8df9-053a-8b2b-9b1950f3e6f2" testName="CourierService.Tests.Infrastructure.Offers.OfferServiceTests.IsValidOffer_ReturnsExpectedResult(offerCode: &quot;OFR001&quot;, distance: 200, weight: 100, expected: False)" computerName="Sudhirs-MacBook-Pro" duration="00:00:00.0000018" startTime="2026-01-27T14:27:51.1821700+05:30" endTime="2026-01-27T14:27:51.1821700+05:30" testType="13cdc9d9-ddb5-4fa4-a97d-d965ccfc6d4b" outcome="Passed" testListId="8c84fa94-04c1-424b-9868-57a2d4851a1d" relativeResultsDirectory="75ca30e2-55a7-457d-a45f-155501320b76" />
    <UnitTestResult executionId="78f2e052-3bc5-4704-b88e-1ba6674266b7" testId="13ae1d82-a001-d181-659c-e09530252c9c" testName="CourierService.Tests.Infrastructure.Offers.OfferServiceTests.CalculateDiscount_ReturnsExpectedAmount(offerCode: &quot;OFFR08&quot;, distance: 125, weight: 75, deliveryCost: 1475, expectedDiscount: 0)" computerName="Sudhirs-MacBook-Pro" duration="00:00:00.0000020" startTime="2026-01-27T14:27:51.1826800+05:30" endTime="2026-01-27T14:27:51.1826800+05:30" testType="13cdc9d9-ddb5-4fa4-a97d-d965ccfc6d4b" outcome="Passed" testListId="8c84fa94-04c1-424b-9868-57a2d4851a1d" relativeResultsDirectory="78f2e052-3bc5-4704-b88e-1ba6674266b7" />
    <UnitTestResult executionId="820e11bc-ced0-4638-95ba-d098511cd288" testId="cb926cfd-53b4-0462-8b00-8e254b08f2ee" testName="CourierService.Tests.Core.Services.PackageProcessorTests.ProcessPackagesForDeliveryCost_ReturnsResultsForAllPackages" computerName="Sudhirs-MacBook-Pro" duration="00:00:00.0324983" startTime="2026-01-27T14:27:51.1918580+05:30" endTime="2026-01-27T14:27:51.1918580+05:30" testType="13cdc9d9-ddb5-4fa4-a97d-d965ccfc6d4b" outcome="Passed" testListId="8c84fa94-04c1-424b-9868-57a2d4851a1d" relativeResultsDirectory="820e11bc-ced0-4638-95ba-d098511cd288" />
    <UnitTestResult executionId="347a035f-020f-4e69-be59-bce58d7615c3" testId="e73d7f81-ede5-0486-c1fe-6362c3d78150" testName="CourierService.Tests.Infrastructure.Offers.OfferServiceTests.IsValidOffer_ReturnsExpectedResult(offerCode: &quot;OFR001&quot;, distance: 150, weight: 250, expected: False)" computerName="Sudhirs-MacBook-Pro" duration="00:00:00.0000030" startTime="2026-01-27T14:27:51.1818940+05:30" endTime="2026-01-27T14:27:51.1818940+05:30" testType="13cdc9d9-ddb5-4fa4-a97d-d965ccfc6d4b" outcome="Passed" testListId="8c84fa94-04c1-424b-9868-57a2d4851a1d" relativeResultsDirectory="347a035f-020f-4e69-be59-bce58d7615c3" />
    <UnitTestResult executionId="5edac644-33ae-4363-890b-734009d44ca9" testId="b81b7fdc-1e3d-3e7c-69ac-86a77ee8d4cd" testName="CourierService.Tests.Infrastructure.Offers.OfferServiceTests.IsValidOffer_ReturnsExpectedResult(offerCode: &quot;OFR001&quot;, distance: 150, weight: 100, expected: True)" computerName="Sudhirs-MacBook-Pro" duration="00:00:00.0064439" startTime="2026-01-27T14:27:51.1812410+05:30" endTime="2026-01-27T14:27:51.1812410+05:30" testType="13cdc9d9-ddb5-4fa4-a97d-d965ccfc6d4b" outcome="Passed" testListId="8c84fa94-04c1-424b-9868-57a2d4851a1d" relativeResultsDirectory="5edac644-33ae-4363-890b-734009d44ca9" />
    <UnitTestResult executionId="1a7a2939-d862-42e8-a783-3dd509f4cda6" testId="24b5a81e-b3c7-3791-d772-8d715ba9fcc0" testName="CourierService.Tests.Infrastructure.Offers.OfferServiceTests.IsValidOffer_ReturnsExpectedResult(offerCode: &quot;OFR002&quot;, distance: 151, weight: 150, expected: False)" computerName="Sudhirs-MacBook-Pro" duration="00:00:00.0000016" startTime="2026-01-27T14:27:51.1821560+05:30" endTime="2026-01-27T14:27:51.1821560+05:30" testType="13cdc9d9-ddb5-4fa4-a97d-d965ccfc6d4b" outcome="Passed" testListId="8c84fa94-04c1-424b-9868-57a2d4851a1d" relativeResultsDirectory="1a7a2939-d862-42e8-a783-3dd509f4cda6" />
  </Results>
  <TestDefinitions>
    <UnitTest name="CourierService.Tests.Core.Services.Delivery.DeliveryCostCalculatorTests.CalculateDeliveryCost_ThrowsExceptionForNullPackage" storage="/users/sudhirkumar/work/everestcodingassignment/everestcodingassignment/tests/bin/debug/net10.0/courierservice.tests.dll" id="c25c9e56-b9a2-1499-6c06-b96ce5590e5f">
      <Execution id="0ae3ce2c-55e9-4666-9f1a-281d2391d777" />
      <TestMethod codeBase="/Users/sudhirkumar/Work/EverestCodingAssignment/EverestCodingAssignment/Tests/bin/Debug/net10.0/CourierService.Tests.dll" adapterTypeName="executor://xunit/VsTestRunner2/netcoreapp" className="CourierService.Tests.Core.Services.Delivery.DeliveryCostCalculatorTests" name="CalculateDeliveryCost_ThrowsExceptionForNullPackage" />
    </UnitTest>
    <UnitTest name="CourierService.Tests.Infrastructure.Offers.OfferServiceTests.IsValidOffer_ReturnsExpectedResult(offerCode: &quot;OFR002&quot;, distance: 100, weight: 150, expected: True)" storage="/users/sudhirkumar/work/everestcodingassignment/everestcodingassignment/tests/bin/debug/net10.0/courierservice.tests.dll" id="c4c73cbc-bc55-2a8b-c825-c45f1cdea21f">
      <Execution id="f79954ec-5de6-404d-85ec-9f537d028148" />
      <TestMethod codeBase="/Users/sudhirkumar/Work/EverestCodingAssignment/EverestCodingAssignment/Tests/bin/Debug/net10.0/CourierService.Tests.dll" adapterTypeName="executor://xunit/VsTestRunner2/netcoreapp" className="CourierService.Tests.Infrastructure.Offers.OfferServiceTests" name="IsValidOffer_ReturnsExpectedResult" />
    </UnitTest>
    <UnitTest name="CourierService.Tests.Core.Services.Delivery.DeliveryCostCalculatorTests.CalculateDeliveryCost_ReturnsCorrectCostWithoutDiscount" storage="/users/sudhirkumar/work/everestcodingassignment/everestcodingassignment/tests/bin/debug/net10.0/courierservice.tests.dll" id="d2842dff-d71f-5ff5-dcf4-6f3ac6e9045e">
      <Execution id="82218d94-b517-4c3c-9898-e25d0902d2d8" />
      <TestMethod codeBase="/Users/sudhirkumar/Work/EverestCodingAssignment/EverestCodingAssignment/Tests/bin/Debug/net10.0/CourierService.Tests.dll" adapterTypeName="executor://xunit/VsTestRunner2/netcoreapp" className="CourierService.Tests.Core.Services.Delivery.DeliveryCostCalculatorTests" name="CalculateDeliveryCost_ReturnsCorrectCostWithoutDiscount" />
    </UnitTest>
    <UnitTest name="CourierService.Tests.Core.Services.PackageProcessorTests.ProcessPackagesForDeliveryCost_ReturnsResultsForAllPackages" storage="/users/sudhirkumar/work/everestcodingassignment/everestcodingassignment/tests/bin/debug/net10.0/courierservice.tests.dll" id="cb926cfd-53b4-0462-8b00-8e254b08f2ee">
      <Execution id="820e11bc-ced0-4638-95ba-d098511cd288" />
      <TestMethod codeBase="/Users/sudhirkumar/Work/EverestCodingAssignment/EverestCodingAssignment/Tests/bin/Debug/net10.0/CourierService.Tests.dll" adapterTypeName="executor://xunit/VsTestRunner2/netcoreapp" className="CourierService.Tests.Core.Services.PackageProcessorTests" name="ProcessPackagesForDeliveryCost_ReturnsResultsForAllPackages" />
    </UnitTest>
    <UnitTest name="CourierService.Tests.Infrastructure.Parsers.InputParserTests.ParseDeliveryTimeInput_FullExampleFromPDF" storage="/users/sudhirkumar/work/everestcodingassignment/everestcodingassignment/tests/bin/debug/net10.0/courierservice.tests.dll" id="c42be582-380a-fa31-d8b7-450a713a29c4">
      <Execution id="dad10f76-e92a-4a35-9b59-b90b08d63e9c" />
      <TestMethod codeBase="/Users/sudhirkumar/Work/EverestCodingAssignment/EverestCodingAssignment/Tests/bin/Debug/net10.0/CourierService.Tests.dll" adapterTypeName="executor://xunit/VsTestRunner2/netcoreapp" className="CourierService.Tests.Infrastructure.Parsers.InputParserTests" name="ParseDeliveryTimeInput_FullExampleFromPDF" />
    </UnitTest>
    <UnitTest name="CourierService.Tests.Infrastructure.Offers.OfferServiceTests.IsValidOffer_ReturnsExpectedResult(offerCode: &quot;OFR003&quot;, distance: 250, weight: 150, expected: True)" storage="/users/sudhirkumar/work/everestcodingassignment/everestcodingassignment/tests/bin/debug/net10.0/courierservice.tests.dll" id="d69d3d28-21e5-2bec-fb4f-5938094ef0fc">
      <Execution id="5bf795b1-935b-444a-b8b7-bcb2692ce3da" />
      <TestMethod codeBase="/Users/sudhirkumar/Work/EverestCodingAssignment/EverestCodingAssignment/Tests/bin/Debug/net10.0/CourierService.Tests.dll" adapterTypeName="executor://xunit/VsTestRunner2/netcoreapp" className="CourierService.Tests.Infrastructure.Offers.OfferServiceTests" name="IsValidOffer_ReturnsExpectedResult" />
    </UnitTest>
    <UnitTest name="CourierService.Tests.Infrastructure.Offers.OfferServiceTests.IsValidOffer_ReturnsExpectedResult(offerCode: &quot;OFR003&quot;, distance: 100, weight: 9, expected: False)" storage="/users/sudhirkumar/work/everestcodingassignment/everestcodingassignment/tests/bin/debug/net10.0/courierservice.tests.dll" id="78ec343d-72ef-b483-2733-fef80fa5d534">
      <Execution id="9b31b065-0b00-4d2d-bf40-d914f0013249" />
      <TestMethod codeBase="/Users/sudhirkumar/Work/EverestCodingAssignment/EverestCodingAssignment/Tests/bin/Debug/net10.0/CourierService.Tests.dll" adapterTypeName="executor://xunit/VsTestRunner2/netcoreapp" className="CourierService.Tests.Infrastructure.Offers.OfferServiceTests" name="IsValidOffer_ReturnsExpectedResult" />
    </UnitTest>
    <UnitTest name="CourierService.Tests.Core.Models.PackageTests.Package_Constructor_SetsProperties" storage="/users/sudhirkumar/work/everestcodingassignment/everestcodingassignment/tests/bin/debug/net10.0/courierservice.tests.dll" id="bd7939a1-4071-2c81-7473-56eb731dcebb">
      <Execution id="c4f05b31-dbd8-4481-8b3d-9bf3062562f9" />
      <TestMethod codeBase="/Users/sudhirkumar/Work/EverestCodingAssignment/EverestCodingAssignment/Tests/bin/Debug/net10.0/CourierService.Tests.dll" adapterTypeName="executor://xunit/VsTestRunner2/netcoreapp" className="CourierService.Tests.Core.Models.PackageTests" name="Package_Constructor_SetsProperties" />
    </UnitTest>
    <UnitTest name="CourierService.Tests.Infrastructure.Offers.OfferServiceTests.IsValidOffer_ReturnsExpectedResult(offerCode: &quot;&quot;, distance: 100, weight: 100, expected: False)" storage="/users/sudhirkumar/work/everestcodingassignment/everestcodingassignment/tests/bin/debug/net10.0/courierservice.tests.dll" id="6c8e8576-f752-bc4c-cdd6-8e714514d0a3">
      <Execution id="49ac463e-88c2-4b56-96f4-be0d81b57688" />
      <TestMethod codeBase="/Users/sudhirkumar/Work/EverestCodingAssignment/EverestCodingAssignment/Tests/bin/Debug/net10.0/CourierService.Tests.dll" adapterTypeName="executor://xunit/VsTestRunner2/netcoreapp" className="CourierService.Tests.Infrastructure.Offers.OfferServiceTests" name="IsValidOffer_ReturnsExpectedResult" />
    </UnitTest>
    <UnitTest name="CourierService.Tests.Core.Services.PackageProcessorTests.ProcessPackagesWithDeliveryTime_DelegatesToTimeCalculator" storage="/users/sudhirkumar/work/everestcodingassignment/everestcodingassignment/tests/bin/debug/net10.0/courierservice.tests.dll" id="9d2e8765-e513-1680-3c8d-f0156de36063">
      <Execution id="271cc77f-c165-424f-aa98-1016bc8ab133" />
      <TestMethod codeBase="/Users/sudhirkumar/Work/EverestCodingAssignment/EverestCodingAssignment/Tests/bin/Debug/net10.0/CourierService.Tests.dll" adapterTypeName="executor://xunit/VsTestRunner2/netcoreapp" className="CourierService.Tests.Core.Services.PackageProcessorTests" name="ProcessPackagesWithDeliveryTime_DelegatesToTimeCalculator" />
    </UnitTest>
    <UnitTest name="CourierService.Tests.Infrastructure.Offers.OfferServiceTests.CalculateDiscount_ReturnsExpectedAmount(offerCode: &quot;OFR003&quot;, distance: 100, weight: 100, deliveryCost: 1600, expectedDiscount: 80)" storage="/users/sudhirkumar/work/everestcodingassignment/everestcodingassignment/tests/bin/debug/net10.0/courierservice.tests.dll" id="4ca8a1ff-7e3d-2a1c-e933-119755ec5dfd">
      <Execution id="5e2a69ff-8e83-4fed-a62d-92d4855e06f5" />
      <TestMethod codeBase="/Users/sudhirkumar/Work/EverestCodingAssignment/EverestCodingAssignment/Tests/bin/Debug/net10.0/CourierService.Tests.dll" adapterTypeName="executor://xunit/VsTestRunner2/netcoreapp" className="CourierService.Tests.Infrastructure.Offers.OfferServiceTests" name="CalculateDiscount_ReturnsExpectedAmount" />
    </UnitTest>
    <UnitTest name="CourierService.Tests.Infrastructure.Offers.OfferServiceTests.IsValidOffer_ReturnsExpectedResult(offerCode: &quot;OFR001&quot;, distance: 199, weight: 70, expected: True)" storage="/users/sudhirkumar/work/everestcodingassignment/everestcodingassignment/tests/bin/debug/net10.0/courierservice.tests.dll" id="ed8b879e-308d-97a0-7d6e-aae58bbc8120">
      <Execution id="3a3ccb1b-27f9-414f-8e86-3402310c9790" />
      <TestMethod codeBase="/Users/sudhirkumar/Work/EverestCodingAssignment/EverestCodingAssignment/Tests/bin/Debug/net10.0/CourierService.Tests.dll" adapterTypeName="executor://xunit/VsTestRunner2/netcoreapp" className="CourierService.Tests.Infrastructure.Offers.OfferServiceTests" name="IsValidOffer_ReturnsExpectedResult" />
    </UnitTest>
    <UnitTest name="CourierService.Tests.Integration.CourierServiceIntegrationTests.OfferService_Integration_CalculatesCorrectDiscount(offerCode: &quot;OFR001&quot;, distance: 250, weight: 100, deliveryCost: 2100, expectedDiscount: 0)" storage="/users/sudhirkumar/work/everestcodingassignment/everestcodingassignment/tests/bin/debug/net10.0/courierservice.tests.dll" id="7667a18e-8b6c-abed-05fe-9ae4e2f46e1d">
      <Execution id="4d89fed2-e2b8-4716-a649-0cd42560e3d0" />
      <TestMethod codeBase="/Users/sudhirkumar/Work/EverestCodingAssignment/EverestCodingAssignment/Tests/bin/Debug/net10.0/CourierService.Tests.dll" adapterTypeName="executor://xunit/VsTestRunner2/netcoreapp" className="CourierService.Tests.Integration.CourierServiceIntegrationTests" name="OfferService_Integration_CalculatesCorrectDiscount" />
    </UnitTest>
    <UnitTest name="CourierService.Tests.Infrastructure.Offers.OfferServiceTests.IsValidOffer_ReturnsExpectedResult(offerCode: &quot;OFR001&quot;, distance: 150, weight: 50, expected: False)" storage="/users/sudhirkumar/work/everestcodingassignment/everestcodingassignment/tests/bin/debug/net10.0/courierservice.tests.dll" id="683f517d-0de4-8934-67c5-490452695bc0">
      <Execution id="ef531ad2-15cf-44d9-a0fe-349298f5efa3" />
      <TestMethod codeBase="/Users/sudhirkumar/Work/EverestCodingAssignment/EverestCodingAssignment/Tests/bin/Debug/net10.0/CourierService.Tests.dll" adapterTypeName="executor://xunit/VsTestRunner2/netcoreapp" className="CourierService.Tests.Infrastructure.Offers.OfferServiceTests" name="IsValidOffer_ReturnsExpectedResult" />
    </UnitTest>
    <UnitTest name="CourierService.Tests.Infrastructure.Offers.OfferServiceTests.CalculateDiscount_ReturnsExpectedAmount(offerCode: &quot;OFR001&quot;, distance: 250, weight: 100, deliveryCost: 2100, expectedDiscount: 0)" storage="/users/sudhirkumar/work/everestcodingassignment/everestcodingassignment/tests/bin/debug/net10.0/courierservice.tests.dll" id="29f0fd2c-71fc-e407-dfea-d0f6c0162b38">
      <Execution id="8a360eb7-fe43-4d2c-813d-cbbe22805608" />
      <TestMethod codeBase="/Users/sudhirkumar/Work/EverestCodingAssignment/EverestCodingAssignment/Tests/bin/Debug/net10.0/CourierService.Tests.dll" adapterTypeName="executor://xunit/VsTestRunner2/netcoreapp" className="CourierService.Tests.Infrastructure.Offers.OfferServiceTests" name="CalculateDiscount_ReturnsExpectedAmount" />
    </UnitTest>
    <UnitTest name="CourierService.Tests.Infrastructure.Offers.OfferServiceTests.IsValidOffer_ReturnsExpectedResult(offerCode: &quot;OFR002&quot;, distance: 151, weight: 150, expected: False)" storage="/users/sudhirkumar/work/everestcodingassignment/everestcodingassignment/tests/bin/debug/net10.0/courierservice.tests.dll" id="24b5a81e-b3c7-3791-d772-8d715ba9fcc0">
      <Execution id="1a7a2939-d862-42e8-a783-3dd509f4cda6" />
      <TestMethod codeBase="/Users/sudhirkumar/Work/EverestCodingAssignment/EverestCodingAssignment/Tests/bin/Debug/net10.0/CourierService.Tests.dll" adapterTypeName="executor://xunit/VsTestRunner2/netcoreapp" className="CourierService.Tests.Infrastructure.Offers.OfferServiceTests" name="IsValidOffer_ReturnsExpectedResult" />
    </UnitTest>
    <UnitTest name="CourierService.Tests.Core.Services.PackageProcessorTests.ProcessPackagesForDeliveryCost_EmptyList_ReturnsEmptyResults" storage="/users/sudhirkumar/work/everestcodingassignment/everestcodingassignment/tests/bin/debug/net10.0/courierservice.tests.dll" id="e9558655-1d91-425f-0131-c54127016951">
      <Execution id="a63aa0ef-d17c-41fd-837e-30cb72aa1eb0" />
      <TestMethod codeBase="/Users/sudhirkumar/Work/EverestCodingAssignment/EverestCodingAssignment/Tests/bin/Debug/net10.0/CourierService.Tests.dll" adapterTypeName="executor://xunit/VsTestRunner2/netcoreapp" className="CourierService.Tests.Core.Services.PackageProcessorTests" name="ProcessPackagesForDeliveryCost_EmptyList_ReturnsEmptyResults" />
    </UnitTest>
    <UnitTest name="CourierService.Tests.Infrastructure.Offers.OfferServiceTests.AddOffer_AddsNewOfferToCollection" storage="/users/sudhirkumar/work/everestcodingassignment/everestcodingassignment/tests/bin/debug/net10.0/courierservice.tests.dll" id="836960ab-5809-b00f-9712-008c18654529">
      <Execution id="e1b17b94-3484-4775-8d1e-5468f84fae25" />
      <TestMethod codeBase="/Users/sudhirkumar/Work/EverestCodingAssignment/EverestCodingAssignment/Tests/bin/Debug/net10.0/CourierService.Tests.dll" adapterTypeName="executor://xunit/VsTestRunner2/netcoreapp" className="CourierService.Tests.Infrastructure.Offers.OfferServiceTests" name="AddOffer_AddsNewOfferToCollection" />
    </UnitTest>
    <UnitTest name="CourierService.Tests.Infrastructure.Parsers.InputParserTests.ParseDeliveryCostInput_InvalidInput_ThrowsException(input: &quot;100&quot;)" storage="/users/sudhirkumar/work/everestcodingassignment/everestcodingassignment/tests/bin/debug/net10.0/courierservice.tests.dll" id="fda34c20-da32-cfae-a93e-4dc11179268a">
      <Execution id="c05ffbee-d4e0-42db-af62-9a4e218958a4" />
      <TestMethod codeBase="/Users/sudhirkumar/Work/EverestCodingAssignment/EverestCodingAssignment/Tests/bin/Debug/net10.0/CourierService.Tests.dll" adapterTypeName="executor://xunit/VsTestRunner2/netcoreapp" className="CourierService.Tests.Infrastructure.Parsers.InputParserTests" name="ParseDeliveryCostInput_InvalidInput_ThrowsException" />
    </UnitTest>
    <UnitTest name="CourierService.Tests.Core.Models.DeliveryResultTests.DeliveryResult_Properties_SetCorrectly" storage="/users/sudhirkumar/work/everestcodingassignment/everestcodingassignment/tests/bin/debug/net10.0/courierservice.tests.dll" id="592c8293-06fa-e4bd-1c34-ac0754ec43af">
      <Execution id="3e83e3fb-35d0-424b-8b2c-eea6e4bb04ea" />
      <TestMethod codeBase="/Users/sudhirkumar/Work/EverestCodingAssignment/EverestCodingAssignment/Tests/bin/Debug/net10.0/CourierService.Tests.dll" adapterTypeName="executor://xunit/VsTestRunner2/netcoreapp" className="CourierService.Tests.Core.Models.DeliveryResultTests" name="DeliveryResult_Properties_SetCorrectly" />
    </UnitTest>
    <UnitTest name="CourierService.Tests.Infrastructure.Offers.OfferServiceTests.IsValidOffer_ReturnsExpectedResult(offerCode: &quot;OFFR002&quot;, distance: 100, weight: 120, expected: True)" storage="/users/sudhirkumar/work/everestcodingassignment/everestcodingassignment/tests/bin/debug/net10.0/courierservice.tests.dll" id="f2ddd3fa-4d40-8839-5632-409158772b91">
      <Execution id="894887d5-86d6-4f85-90eb-3b81c77aee0a" />
      <TestMethod codeBase="/Users/sudhirkumar/Work/EverestCodingAssignment/EverestCodingAssignment/Tests/bin/Debug/net10.0/CourierService.Tests.dll" adapterTypeName="executor://xunit/VsTestRunner2/netcoreapp" className="CourierService.Tests.Infrastructure.Offers.OfferServiceTests" name="IsValidOffer_ReturnsExpectedResult" />
    </UnitTest>
    <UnitTest name="CourierService.Tests.Infrastructure.Offers.OfferServiceTests.CalculateDiscount_ReturnsExpectedAmount(offerCode: &quot;INVALID&quot;, distance: 100, weight: 100, deliveryCost: 1000, expectedDiscount: 0)" storage="/users/sudhirkumar/work/everestcodingassignment/everestcodingassignment/tests/bin/debug/net10.0/courierservice.tests.dll" id="01cacf69-689b-87c6-f783-e874badb37d1">
      <Execution id="9a0de200-2835-45ac-8c3f-244cf140d570" />
      <TestMethod codeBase="/Users/sudhirkumar/Work/EverestCodingAssignment/EverestCodingAssignment/Tests/bin/Debug/net10.0/CourierService.Tests.dll" adapterTypeName="executor://xunit/VsTestRunner2/netcoreapp" className="CourierService.Tests.Infrastructure.Offers.OfferServiceTests" name="CalculateDiscount_ReturnsExpectedAmount" />
    </UnitTest>
    <UnitTest name="CourierService.Tests.Infrastructure.Offers.OfferServiceTests.IsValidOffer_ReturnsExpectedResult(offerCode: &quot;OFR001&quot;, distance: 200, weight: 100, expected: False)" storage="/users/sudhirkumar/work/everestcodingassignment/everestcodingassignment/tests/bin/debug/net10.0/courierservice.tests.dll" id="f8cad89d-8df9-053a-8b2b-9b1950f3e6f2">
      <Execution id="75ca30e2-55a7-457d-a45f-155501320b76" />
      <TestMethod codeBase="/Users/sudhirkumar/Work/EverestCodingAssignment/EverestCodingAssignment/Tests/bin/Debug/net10.0/CourierService.Tests.dll" adapterTypeName="executor://xunit/VsTestRunner2/netcoreapp" className="CourierService.Tests.Infrastructure.Offers.OfferServiceTests" name="IsValidOffer_ReturnsExpectedResult" />
    </UnitTest>
    <UnitTest name="CourierService.Tests.Infrastructure.Offers.OfferServiceTests.IsValidOffer_ReturnsExpectedResult(offerCode: &quot;OFR003&quot;, distance: 49, weight: 50, expected: False)" storage="/users/sudhirkumar/work/everestcodingassignment/everestcodingassignment/tests/bin/debug/net10.0/courierservice.tests.dll" id="c1042982-4b8a-b720-2bf5-da338a4352ab">
      <Execution id="faccd342-dab0-4a69-9d72-5a6d4fcde054" />
      <TestMethod codeBase="/Users/sudhirkumar/Work/EverestCodingAssignment/EverestCodingAssignment/Tests/bin/Debug/net10.0/CourierService.Tests.dll" adapterTypeName="executor://xunit/VsTestRunner2/netcoreapp" className="CourierService.Tests.Infrastructure.Offers.OfferServiceTests" name="IsValidOffer_ReturnsExpectedResult" />
    </UnitTest>
    <UnitTest name="CourierService.Tests.Infrastructure.Parsers.InputParserTests.ParseDeliveryCostInput_InvalidInput_ThrowsException(input: &quot;100 3 PKG1&quot;)" storage="/users/sudhirkumar/work/everestcodingassignment/everestcodingassignment/tests/bin/debug/net10.0/courierservice.tests.dll" id="685e654c-fdb7-25b3-e2b1-b24b5ea85de1">
      <Execution id="f9baff11-b801-4058-96f9-44a12f2a879b" />
      <TestMethod codeBase="/Users/sudhirkumar/Work/EverestCodingAssignment/EverestCodingAssignment/Tests/bin/Debug/net10.0/CourierService.Tests.dll" adapterTypeName="executor://xunit/VsTestRunner2/netcoreapp" className="CourierService.Tests.Infrastructure.Parsers.InputParserTests" name="ParseDeliveryCostInput_InvalidInput_ThrowsException" />
    </UnitTest>
    <UnitTest name="CourierService.Tests.Infrastructure.Parsers.InputParserTests.ParseDeliveryTimeInput_InvalidInput_ThrowsException(input: &quot;100 2 PKG1 50 30 OFR001 2 70&quot;)" storage="/users/sudhirkumar/work/everestcodingassignment/everestcodingassignment/tests/bin/debug/net10.0/courierservice.tests.dll" id="bbe75d59-d1f2-f2de-d98c-41ac30de4ae1">
      <Execution id="e7f5a498-ad69-42e7-b90d-a4fdbdc67617" />
      <TestMethod codeBase="/Users/sudhirkumar/Work/EverestCodingAssignment/EverestCodingAssignment/Tests/bin/Debug/net10.0/CourierService.Tests.dll" adapterTypeName="executor://xunit/VsTestRunner2/netcoreapp" className="CourierService.Tests.Infrastructure.Parsers.InputParserTests" name="ParseDeliveryTimeInput_InvalidInput_ThrowsException" />
    </UnitTest>
    <UnitTest name="CourierService.Tests.Integration.CourierServiceIntegrationTests.FullPipeline_DeliveryCostWithDiscounts_ReturnsCorrectResults" storage="/users/sudhirkumar/work/everestcodingassignment/everestcodingassignment/tests/bin/debug/net10.0/courierservice.tests.dll" id="10ec3b42-1daa-8fd7-c4f8-06be9128d25e">
      <Execution id="9a3b49c9-0dc3-48ef-ab5b-12e326fbdfcc" />
      <TestMethod codeBase="/Users/sudhirkumar/Work/EverestCodingAssignment/EverestCodingAssignment/Tests/bin/Debug/net10.0/CourierService.Tests.dll" adapterTypeName="executor://xunit/VsTestRunner2/netcoreapp" className="CourierService.Tests.Integration.CourierServiceIntegrationTests" name="FullPipeline_DeliveryCostWithDiscounts_ReturnsCorrectResults" />
    </UnitTest>
    <UnitTest name="CourierService.Tests.Infrastructure.Offers.OfferServiceTests.IsValidOffer_ReturnsExpectedResult(offerCode: &quot;NA&quot;, distance: 100, weight: 120, expected: False)" storage="/users/sudhirkumar/work/everestcodingassignment/everestcodingassignment/tests/bin/debug/net10.0/courierservice.tests.dll" id="28025eb2-b5a0-9e5e-b454-77e928d2b01b">
      <Execution id="ca216e9d-6566-4807-bfe6-1cbeab545295" />
      <TestMethod codeBase="/Users/sudhirkumar/Work/EverestCodingAssignment/EverestCodingAssignment/Tests/bin/Debug/net10.0/CourierService.Tests.dll" adapterTypeName="executor://xunit/VsTestRunner2/netcoreapp" className="CourierService.Tests.Infrastructure.Offers.OfferServiceTests" name="IsValidOffer_ReturnsExpectedResult" />
    </UnitTest>
    <UnitTest name="CourierService.Tests.Core.Models.VehicleTests.Vehicle_CanCarry_ReturnsFalseWhenWeightExceeded" storage="/users/sudhirkumar/work/everestcodingassignment/everestcodingassignment/tests/bin/debug/net10.0/courierservice.tests.dll" id="0a8b8626-6790-6512-4bb7-bc84c1f2950c">
      <Execution id="f0ea8513-4558-4d35-ab48-0a74f1653943" />
      <TestMethod codeBase="/Users/sudhirkumar/Work/EverestCodingAssignment/EverestCodingAssignment/Tests/bin/Debug/net10.0/CourierService.Tests.dll" adapterTypeName="executor://xunit/VsTestRunner2/netcoreapp" className="CourierService.Tests.Core.Models.VehicleTests" name="Vehicle_CanCarry_ReturnsFalseWhenWeightExceeded" />
    </UnitTest>
    <UnitTest name="CourierService.Tests.Infrastructure.Parsers.InputParserTests.ParseDeliveryTimeInput_HandlesExtraSpaces" storage="/users/sudhirkumar/work/everestcodingassignment/everestcodingassignment/tests/bin/debug/net10.0/courierservice.tests.dll" id="2035af78-20ce-1aa1-0886-877e7cfc33e8">
      <Execution id="97938397-1e34-4a3f-898d-2a57b906ada2" />
      <TestMethod codeBase="/Users/sudhirkumar/Work/EverestCodingAssignment/EverestCodingAssignment/Tests/bin/Debug/net10.0/CourierService.Tests.dll" adapterTypeName="executor://xunit/VsTestRunner2/netcoreapp" className="CourierService.Tests.Infrastructure.Parsers.InputParserTests" name="ParseDeliveryTimeInput_HandlesExtraSpaces" />
    </UnitTest>
    <UnitTest name="CourierService.Tests.Infrastructure.Offers.OfferServiceTests.CalculateDiscount_ReturnsExpectedAmount(offerCode: &quot;OFR002&quot;, distance: 100, weight: 150, deliveryCost: 2100, expectedDiscount: 147)" storage="/users/sudhirkumar/work/everestcodingassignment/everestcodingassignment/tests/bin/debug/net10.0/courierservice.tests.dll" id="8c4732e1-a155-c002-d7d1-252072bb151b">
      <Execution id="e6190ac3-6c4a-4042-858c-d2c7569b9268" />
      <TestMethod codeBase="/Users/sudhirkumar/Work/EverestCodingAssignment/EverestCodingAssignment/Tests/bin/Debug/net10.0/CourierService.Tests.dll" adapterTypeName="executor://xunit/VsTestRunner2/netcoreapp" className="CourierService.Tests.Infrastructure.Offers.OfferServiceTests" name="CalculateDiscount_ReturnsExpectedAmount" />
    </UnitTest>
    <UnitTest name="CourierService.Tests.Infrastructure.Offers.OfferServiceTests.IsValidOffer_ReturnsExpectedResult(offerCode: &quot;OFR002&quot;, distance: 50, weight: 100, expected: True)" storage="/users/sudhirkumar/work/everestcodingassignment/everestcodingassignment/tests/bin/debug/net10.0/courierservice.tests.dll" id="8d1eec20-a990-c008-e1c7-864ba82ac434">
      <Execution id="732105b0-9d96-4177-ab64-3e07abce05a0" />
      <TestMethod codeBase="/Users/sudhirkumar/Work/EverestCodingAssignment/EverestCodingAssignment/Tests/bin/Debug/net10.0/CourierService.Tests.dll" adapterTypeName="executor://xunit/VsTestRunner2/netcoreapp" className="CourierService.Tests.Infrastructure.Offers.OfferServiceTests" name="IsValidOffer_ReturnsExpectedResult" />
    </UnitTest>
    <UnitTest name="CourierService.Tests.Infrastructure.Parsers.InputParserTests.ParseDeliveryCostInput_ValidInput_ReturnsPackages" storage="/users/sudhirkumar/work/everestcodingassignment/everestcodingassignment/tests/bin/debug/net10.0/courierservice.tests.dll" id="6b320c50-eaa8-7bce-bfb2-fd11f2382eed">
      <Execution id="deec77eb-e33e-4e07-a248-2f4b9e19c138" />
      <TestMethod codeBase="/Users/sudhirkumar/Work/EverestCodingAssignment/EverestCodingAssignment/Tests/bin/Debug/net10.0/CourierService.Tests.dll" adapterTypeName="executor://xunit/VsTestRunner2/netcoreapp" className="CourierService.Tests.Infrastructure.Parsers.InputParserTests" name="ParseDeliveryCostInput_ValidInput_ReturnsPackages" />
    </UnitTest>
    <UnitTest name="CourierService.Tests.Infrastructure.Offers.OfferServiceTests.IsValidOffer_ReturnsExpectedResult(offerCode: null, distance: 100, weight: 100, expected: False)" storage="/users/sudhirkumar/work/everestcodingassignment/everestcodingassignment/tests/bin/debug/net10.0/courierservice.tests.dll" id="1584547c-f32a-f367-029c-11f6f5cfed84">
      <Execution id="492be9f3-3c61-438f-8a65-9a2108136ce3" />
      <TestMethod codeBase="/Users/sudhirkumar/Work/EverestCodingAssignment/EverestCodingAssignment/Tests/bin/Debug/net10.0/CourierService.Tests.dll" adapterTypeName="executor://xunit/VsTestRunner2/netcoreapp" className="CourierService.Tests.Infrastructure.Offers.OfferServiceTests" name="IsValidOffer_ReturnsExpectedResult" />
    </UnitTest>
    <UnitTest name="CourierService.Tests.Core.Services.PackageProcessorTests.ProcessPackagesWithDeliveryTime_EmptyList_ReturnsEmptyResults" storage="/users/sudhirkumar/work/everestcodingassignment/everestcodingassignment/tests/bin/debug/net10.0/courierservice.tests.dll" id="ab60cf85-12f6-20bc-efc0-1e3dcbd628a9">
      <Execution id="cb588ba5-3eed-4c71-b052-864572a2a7db" />
      <TestMethod codeBase="/Users/sudhirkumar/Work/EverestCodingAssignment/EverestCodingAssignment/Tests/bin/Debug/net10.0/CourierService.Tests.dll" adapterTypeName="executor://xunit/VsTestRunner2/netcoreapp" className="CourierService.Tests.Core.Services.PackageProcessorTests" name="ProcessPackagesWithDeliveryTime_EmptyList_ReturnsEmptyResults" />
    </UnitTest>
    <UnitTest name="CourierService.Tests.Infrastructure.Offers.OfferServiceTests.IsValidOffer_ReturnsExpectedResult(offerCode: &quot;OFR001&quot;, distance: 150, weight: 250, expected: False)" storage="/users/sudhirkumar/work/everestcodingassignment/everestcodingassignment/tests/bin/debug/net10.0/courierservice.tests.dll" id="e73d7f81-ede5-0486-c1fe-6362c3d78150">
      <Execution id="347a035f-020f-4e69-be59-bce58d7615c3" />
      <TestMethod codeBase="/Users/sudhirkumar/Work/EverestCodingAssignment/EverestCodingAssignment/Tests/bin/Debug/net10.0/CourierService.Tests.dll" adapterTypeName="executor://xunit/VsTestRunner2/netcoreapp" className="CourierService.Tests.Infrastructure.Offers.OfferServiceTests" name="IsValidOffer_ReturnsExpectedResult" />
    </UnitTest>
    <UnitTest name="CourierService.Tests.Infrastructure.Offers.OfferServiceTests.CalculateDiscount_ReturnsExpectedAmount(offerCode: &quot;OFFR08&quot;, distance: 125, weight: 75, deliveryCost: 1475, expectedDiscount: 0)" storage="/users/sudhirkumar/work/everestcodingassignment/everestcodingassignment/tests/bin/debug/net10.0/courierservice.tests.dll" id="13ae1d82-a001-d181-659c-e09530252c9c">
      <Execution id="78f2e052-3bc5-4704-b88e-1ba6674266b7" />
      <TestMethod codeBase="/Users/sudhirkumar/Work/EverestCodingAssignment/EverestCodingAssignment/Tests/bin/Debug/net10.0/CourierService.Tests.dll" adapterTypeName="executor://xunit/VsTestRunner2/netcoreapp" className="CourierService.Tests.Infrastructure.Offers.OfferServiceTests" name="CalculateDiscount_ReturnsExpectedAmount" />
    </UnitTest>
    <UnitTest name="CourierService.Tests.Infrastructure.Parsers.InputParserTests.ParseDeliveryTimeInput_InvalidInput_ThrowsException(input: &quot;100&quot;)" storage="/users/sudhirkumar/work/everestcodingassignment/everestcodingassignment/tests/bin/debug/net10.0/courierservice.tests.dll" id="0f38eb80-8d8e-8c21-092d-f05c4131cce5">
      <Execution id="29151d2f-eeb2-406c-b76b-476c3ca6d76d" />
      <TestMethod codeBase="/Users/sudhirkumar/Work/EverestCodingAssignment/EverestCodingAssignment/Tests/bin/Debug/net10.0/CourierService.Tests.dll" adapterTypeName="executor://xunit/VsTestRunner2/netcoreapp" className="CourierService.Tests.Infrastructure.Parsers.InputParserTests" name="ParseDeliveryTimeInput_InvalidInput_ThrowsException" />
    </UnitTest>
    <UnitTest name="CourierService.Tests.Infrastructure.Offers.OfferServiceTests.IsValidOffer_ReturnsExpectedResult(offerCode: &quot;OFR002&quot;, distance: 100, weight: 90, expected: False)" storage="/users/sudhirkumar/work/everestcodingassignment/everestcodingassignment/tests/bin/debug/net10.0/courierservice.tests.dll" id="c0e8b6bf-1219-d1ea-4a87-b16fc6bfd7e3">
      <Execution id="17457d82-1764-44e7-8e68-40a335aee882" />
      <TestMethod codeBase="/Users/sudhirkumar/Work/EverestCodingAssignment/EverestCodingAssignment/Tests/bin/Debug/net10.0/CourierService.Tests.dll" adapterTypeName="executor://xunit/VsTestRunner2/netcoreapp" className="CourierService.Tests.Infrastructure.Offers.OfferServiceTests" name="IsValidOffer_ReturnsExpectedResult" />
    </UnitTest>
    <UnitTest name="CourierService.Tests.Infrastructure.Offers.OfferServiceTests.IsValidOffer_ReturnsExpectedResult(offerCode: &quot;OFR001&quot;, distance: 150, weight: 100, expected: True)" storage="/users/sudhirkumar/work/everestcodingassignment/everestcodingassignment/tests/bin/debug/net10.0/courierservice.tests.dll" id="b81b7fdc-1e3d-3e7c-69ac-86a77ee8d4cd">
      <Execution id="5edac644-33ae-4363-890b-734009d44ca9" />
      <TestMethod codeBase="/Users/sudhirkumar/Work/EverestCodingAssignment/EverestCodingAssignment/Tests/bin/Debug/net10.0/CourierService.Tests.dll" adapterTypeName="executor://xunit/VsTestRunner2/netcoreapp" className="CourierService.Tests.Infrastructure.Offers.OfferServiceTests" name="IsValidOffer_ReturnsExpectedResult" />
    </UnitTest>
    <UnitTest name="CourierService.Tests.Integration.CourierServiceIntegrationTests.OfferService_Integration_CalculatesCorrectDiscount(offerCode: &quot;OFR001&quot;, distance: 150, weight: 100, deliveryCost: 1850, expectedDiscount: 185)" storage="/users/sudhirkumar/work/everestcodingassignment/everestcodingassignment/tests/bin/debug/net10.0/courierservice.tests.dll" id="7e8e7c4f-bd67-fbd6-e242-e256b3c24f77">
      <Execution id="e2d52f80-89c4-41de-95eb-129b27c1920e" />
      <TestMethod codeBase="/Users/sudhirkumar/Work/EverestCodingAssignment/EverestCodingAssignment/Tests/bin/Debug/net10.0/CourierService.Tests.dll" adapterTypeName="executor://xunit/VsTestRunner2/netcoreapp" className="CourierService.Tests.Integration.CourierServiceIntegrationTests" name="OfferService_Integration_CalculatesCorrectDiscount" />
    </UnitTest>
    <UnitTest name="CourierService.Tests.Integration.CourierServiceIntegrationTests.OfferService_Integration_CalculatesCorrectDiscount(offerCode: &quot;OFR002&quot;, distance: 100, weight: 150, deliveryCost: 2100, expectedDiscount: 147)" storage="/users/sudhirkumar/work/everestcodingassignment/everestcodingassignment/tests/bin/debug/net10.0/courierservice.tests.dll" id="6a34fd55-56db-325f-5870-4187aba659a4">
      <Execution id="97ebb8b0-24a2-48d5-82c7-83bdf43f8aa3" />
      <TestMethod codeBase="/Users/sudhirkumar/Work/EverestCodingAssignment/EverestCodingAssignment/Tests/bin/Debug/net10.0/CourierService.Tests.dll" adapterTypeName="executor://xunit/VsTestRunner2/netcoreapp" className="CourierService.Tests.Integration.CourierServiceIntegrationTests" name="OfferService_Integration_CalculatesCorrectDiscount" />
    </UnitTest>
    <UnitTest name="CourierService.Tests.Infrastructure.Parsers.InputParserTests.ParseDeliveryTimeInput_InvalidInput_ThrowsException(input: &quot;100 3 PKG1 5 5 OFR001 PKG2 15 5 2 70 200&quot;)" storage="/users/sudhirkumar/work/everestcodingassignment/everestcodingassignment/tests/bin/debug/net10.0/courierservice.tests.dll" id="8fde8a46-0494-9e78-95d9-18fa69ebd879">
      <Execution id="e9cc1c4c-a624-4e67-aeff-2987d7f6652a" />
      <TestMethod codeBase="/Users/sudhirkumar/Work/EverestCodingAssignment/EverestCodingAssignment/Tests/bin/Debug/net10.0/CourierService.Tests.dll" adapterTypeName="executor://xunit/VsTestRunner2/netcoreapp" className="CourierService.Tests.Infrastructure.Parsers.InputParserTests" name="ParseDeliveryTimeInput_InvalidInput_ThrowsException" />
    </UnitTest>
    <UnitTest name="CourierService.Tests.Integration.CourierServiceIntegrationTests.FullPipeline_DeliveryCostOnly_ReturnsCorrectResults" storage="/users/sudhirkumar/work/everestcodingassignment/everestcodingassignment/tests/bin/debug/net10.0/courierservice.tests.dll" id="f4717b04-3842-5b95-54a0-034796679f30">
      <Execution id="ce1be49c-d965-4ec3-91c7-7848d6b6e012" />
      <TestMethod codeBase="/Users/sudhirkumar/Work/EverestCodingAssignment/EverestCodingAssignment/Tests/bin/Debug/net10.0/CourierService.Tests.dll" adapterTypeName="executor://xunit/VsTestRunner2/netcoreapp" className="CourierService.Tests.Integration.CourierServiceIntegrationTests" name="FullPipeline_DeliveryCostOnly_ReturnsCorrectResults" />
    </UnitTest>
    <UnitTest name="CourierService.Tests.Infrastructure.Offers.OfferServiceTests.CalculateDiscount_ReturnsExpectedAmount(offerCode: &quot;OFFR002&quot;, distance: 60, weight: 110, deliveryCost: 1500, expectedDiscount: 105)" storage="/users/sudhirkumar/work/everestcodingassignment/everestcodingassignment/tests/bin/debug/net10.0/courierservice.tests.dll" id="73927546-11f9-a4ae-f6dc-a21bbbb0df2a">
      <Execution id="3cf61528-6650-47bb-902a-1f0aaa87d6da" />
      <TestMethod codeBase="/Users/sudhirkumar/Work/EverestCodingAssignment/EverestCodingAssignment/Tests/bin/Debug/net10.0/CourierService.Tests.dll" adapterTypeName="executor://xunit/VsTestRunner2/netcoreapp" className="CourierService.Tests.Infrastructure.Offers.OfferServiceTests" name="CalculateDiscount_ReturnsExpectedAmount" />
    </UnitTest>
    <UnitTest name="CourierService.Tests.Integration.CourierServiceIntegrationTests.OfferService_Integration_CalculatesCorrectDiscount(offerCode: &quot;OFR003&quot;, distance: 100, weight: 100, deliveryCost: 1600, expectedDiscount: 80)" storage="/users/sudhirkumar/work/everestcodingassignment/everestcodingassignment/tests/bin/debug/net10.0/courierservice.tests.dll" id="510291e9-41e8-b6f1-7337-30ef38e6d145">
      <Execution id="c218e919-53ad-40d1-a67b-f85c2b68a696" />
      <TestMethod codeBase="/Users/sudhirkumar/Work/EverestCodingAssignment/EverestCodingAssignment/Tests/bin/Debug/net10.0/CourierService.Tests.dll" adapterTypeName="executor://xunit/VsTestRunner2/netcoreapp" className="CourierService.Tests.Integration.CourierServiceIntegrationTests" name="OfferService_Integration_CalculatesCorrectDiscount" />
    </UnitTest>
    <UnitTest name="CourierService.Tests.Infrastructure.Parsers.InputParserTests.ParseDeliveryCostInput_InvalidInput_ThrowsException(input: &quot;100 2 PKG1 5 5 OFR001&quot;)" storage="/users/sudhirkumar/work/everestcodingassignment/everestcodingassignment/tests/bin/debug/net10.0/courierservice.tests.dll" id="73a22f7d-0198-9ad4-d390-6126e50f9a40">
      <Execution id="811ed76a-3133-4c57-a740-932984a745c9" />
      <TestMethod codeBase="/Users/sudhirkumar/Work/EverestCodingAssignment/EverestCodingAssignment/Tests/bin/Debug/net10.0/CourierService.Tests.dll" adapterTypeName="executor://xunit/VsTestRunner2/netcoreapp" className="CourierService.Tests.Infrastructure.Parsers.InputParserTests" name="ParseDeliveryCostInput_InvalidInput_ThrowsException" />
    </UnitTest>
    <UnitTest name="CourierService.Tests.Infrastructure.Parsers.InputParserTests.ParseDeliveryCostInput_InvalidInput_ThrowsException(input: &quot;100 3 PKG1 5 5&quot;)" storage="/users/sudhirkumar/work/everestcodingassignment/everestcodingassignment/tests/bin/debug/net10.0/courierservice.tests.dll" id="79f4fab0-d973-9a54-dd0c-95afafbb045a">
      <Execution id="35c44f91-70d8-43a0-a94f-d865847d83d7" />
      <TestMethod codeBase="/Users/sudhirkumar/Work/EverestCodingAssignment/EverestCodingAssignment/Tests/bin/Debug/net10.0/CourierService.Tests.dll" adapterTypeName="executor://xunit/VsTestRunner2/netcoreapp" className="CourierService.Tests.Infrastructure.Parsers.InputParserTests" name="ParseDeliveryCostInput_InvalidInput_ThrowsException" />
    </UnitTest>
    <UnitTest name="CourierService.Tests.Core.Models.VehicleTests.Vehicle_CanCarry_ReturnsTrueWhenWeightAvailable" storage="/users/sudhirkumar/work/everestcodingassignment/everestcodingassignment/tests/bin/debug/net10.0/courierservice.tests.dll" id="ff921944-9d3b-c159-5f16-9dde759e83ad">
      <Execution id="dc082dfd-134f-455b-b3aa-b0be29c7bd87" />
      <TestMethod codeBase="/Users/sudhirkumar/Work/EverestCodingAssignment/EverestCodingAssignment/Tests/bin/Debug/net10.0/CourierService.Tests.dll" adapterTypeName="executor://xunit/VsTestRunner2/netcoreapp" className="CourierService.Tests.Core.Models.VehicleTests" name="Vehicle_CanCarry_ReturnsTrueWhenWeightAvailable" />
    </UnitTest>
    <UnitTest name="CourierService.Tests.Infrastructure.Offers.OfferServiceTests.IsValidOffer_ReturnsExpectedResult(offerCode: &quot;INVALID&quot;, distance: 100, weight: 100, expected: False)" storage="/users/sudhirkumar/work/everestcodingassignment/everestcodingassignment/tests/bin/debug/net10.0/courierservice.tests.dll" id="66a2537e-e618-e039-2fef-0282905e4044">
      <Execution id="f68f1277-39c5-45b3-9d99-bdb00156fe9f" />
      <TestMethod codeBase="/Users/sudhirkumar/Work/EverestCodingAssignment/EverestCodingAssignment/Tests/bin/Debug/net10.0/CourierService.Tests.dll" adapterTypeName="executor://xunit/VsTestRunner2/netcoreapp" className="CourierService.Tests.Infrastructure.Offers.OfferServiceTests" name="IsValidOffer_ReturnsExpectedResult" />
    </UnitTest>
    <UnitTest name="CourierService.Tests.Infrastructure.Offers.OfferServiceTests.IsValidOffer_ReturnsExpectedResult(offerCode: &quot;OFFR08&quot;, distance: 100, weight: 120, expected: False)" storage="/users/sudhirkumar/work/everestcodingassignment/everestcodingassignment/tests/bin/debug/net10.0/courierservice.tests.dll" id="b2e9a9c1-0e65-e32f-15b2-b0d30298dac8">
      <Execution id="d33acf03-dcfd-4648-b3d4-73d58d43c6d8" />
      <TestMethod codeBase="/Users/sudhirkumar/Work/EverestCodingAssignment/EverestCodingAssignment/Tests/bin/Debug/net10.0/CourierService.Tests.dll" adapterTypeName="executor://xunit/VsTestRunner2/netcoreapp" className="CourierService.Tests.Infrastructure.Offers.OfferServiceTests" name="IsValidOffer_ReturnsExpectedResult" />
    </UnitTest>
    <UnitTest name="CourierService.Tests.Infrastructure.Offers.OfferServiceTests.CalculateDiscount_RoundsToTwoDecimalPlaces" storage="/users/sudhirkumar/work/everestcodingassignment/everestcodingassignment/tests/bin/debug/net10.0/courierservice.tests.dll" id="8661fae1-ee67-167b-dd3a-08ec8de8104d">
      <Execution id="4eea5a26-d492-4d00-a45e-0a67be90c022" />
      <TestMethod codeBase="/Users/sudhirkumar/Work/EverestCodingAssignment/EverestCodingAssignment/Tests/bin/Debug/net10.0/CourierService.Tests.dll" adapterTypeName="executor://xunit/VsTestRunner2/netcoreapp" className="CourierService.Tests.Infrastructure.Offers.OfferServiceTests" name="CalculateDiscount_RoundsToTwoDecimalPlaces" />
    </UnitTest>
    <UnitTest name="CourierService.Tests.Core.Models.OfferTests.Offer_Constructor_SetsProperties" storage="/users/sudhirkumar/work/everestcodingassignment/everestcodingassignment/tests/bin/debug/net10.0/courierservice.tests.dll" id="f7b5c4af-b631-4eff-441f-3b5391b755ca">
      <Execution id="f1d2c986-630a-4894-9fa4-23762ac39453" />
      <TestMethod codeBase="/Users/sudhirkumar/Work/EverestCodingAssignment/EverestCodingAssignment/Tests/bin/Debug/net10.0/CourierService.Tests.dll" adapterTypeName="executor://xunit/VsTestRunner2/netcoreapp" className="CourierService.Tests.Core.Models.OfferTests" name="Offer_Constructor_SetsProperties" />
    </UnitTest>
    <UnitTest name="CourierService.Tests.Infrastructure.Parsers.InputParserTests.ParseDeliveryCostInput_HandlesDecimalValues" storage="/users/sudhirkumar/work/everestcodingassignment/everestcodingassignment/tests/bin/debug/net10.0/courierservice.tests.dll" id="b133ff53-1e9a-d884-d0a6-6827e23c5eff">
      <Execution id="be1d52c1-daa3-45a7-833d-99d30367b9a8" />
      <TestMethod codeBase="/Users/sudhirkumar/Work/EverestCodingAssignment/EverestCodingAssignment/Tests/bin/Debug/net10.0/CourierService.Tests.dll" adapterTypeName="executor://xunit/VsTestRunner2/netcoreapp" className="CourierService.Tests.Infrastructure.Parsers.InputParserTests" name="ParseDeliveryCostInput_HandlesDecimalValues" />
    </UnitTest>
    <UnitTest name="CourierService.Tests.Core.Services.Delivery.DeliveryCostCalculatorTests.CalculateDeliveryCost_ReturnsCorrectCostWithDiscount" storage="/users/sudhirkumar/work/everestcodingassignment/everestcodingassignment/tests/bin/debug/net10.0/courierservice.tests.dll" id="e0ab1f2f-02f4-8b0a-0638-a2582e3282f3">
      <Execution id="7eaa457a-d607-45a4-963b-79ca9be546eb" />
      <TestMethod codeBase="/Users/sudhirkumar/Work/EverestCodingAssignment/EverestCodingAssignment/Tests/bin/Debug/net10.0/CourierService.Tests.dll" adapterTypeName="executor://xunit/VsTestRunner2/netcoreapp" className="CourierService.Tests.Core.Services.Delivery.DeliveryCostCalculatorTests" name="CalculateDeliveryCost_ReturnsCorrectCostWithDiscount" />
    </UnitTest>
    <UnitTest name="CourierService.Tests.Infrastructure.Parsers.InputParserTests.ParseDeliveryTimeInput_InvalidInput_ThrowsException(input: &quot;100 5 PKG1 50 30&quot;)" storage="/users/sudhirkumar/work/everestcodingassignment/everestcodingassignment/tests/bin/debug/net10.0/courierservice.tests.dll" id="22e583be-938f-2b5c-ab9c-d302fc77fb35">
      <Execution id="61ae582c-773c-445c-84ed-1f5ab7b4f721" />
      <TestMethod codeBase="/Users/sudhirkumar/Work/EverestCodingAssignment/EverestCodingAssignment/Tests/bin/Debug/net10.0/CourierService.Tests.dll" adapterTypeName="executor://xunit/VsTestRunner2/netcoreapp" className="CourierService.Tests.Infrastructure.Parsers.InputParserTests" name="ParseDeliveryTimeInput_InvalidInput_ThrowsException" />
    </UnitTest>
    <UnitTest name="CourierService.Tests.Core.Services.Delivery.DeliveryCostCalculatorTests.CalculateDeliveryCost_RoundsToTwoDecimalPlaces" storage="/users/sudhirkumar/work/everestcodingassignment/everestcodingassignment/tests/bin/debug/net10.0/courierservice.tests.dll" id="12347842-f523-ef1b-f50a-d2d759c9031d">
      <Execution id="d01e01be-bff7-4b8f-933c-a8d0455be44c" />
      <TestMethod codeBase="/Users/sudhirkumar/Work/EverestCodingAssignment/EverestCodingAssignment/Tests/bin/Debug/net10.0/CourierService.Tests.dll" adapterTypeName="executor://xunit/VsTestRunner2/netcoreapp" className="CourierService.Tests.Core.Services.Delivery.DeliveryCostCalculatorTests" name="CalculateDeliveryCost_RoundsToTwoDecimalPlaces" />
    </UnitTest>
    <UnitTest name="CourierService.Tests.Infrastructure.Parsers.InputParserTests.ParseDeliveryTimeInput_ValidInput_ReturnsAllData" storage="/users/sudhirkumar/work/everestcodingassignment/everestcodingassignment/tests/bin/debug/net10.0/courierservice.tests.dll" id="62126227-e549-3936-3f00-2665d020fc2f">
      <Execution id="2d70bfe1-adf1-4fdc-b62f-cd419a9504c4" />
      <TestMethod codeBase="/Users/sudhirkumar/Work/EverestCodingAssignment/EverestCodingAssignment/Tests/bin/Debug/net10.0/CourierService.Tests.dll" adapterTypeName="executor://xunit/VsTestRunner2/netcoreapp" className="CourierService.Tests.Infrastructure.Parsers.InputParserTests" name="ParseDeliveryTimeInput_ValidInput_ReturnsAllData" />
    </UnitTest>
    <UnitTest name="CourierService.Tests.Infrastructure.Parsers.InputParserTests.ParseDeliveryCostInput_InvalidInput_ThrowsException(input: &quot;&quot;)" storage="/users/sudhirkumar/work/everestcodingassignment/everestcodingassignment/tests/bin/debug/net10.0/courierservice.tests.dll" id="797939c2-c506-a20b-369e-585149ce72b7">
      <Execution id="d197ba5b-177c-4934-a822-680c71dcb1ef" />
      <TestMethod codeBase="/Users/sudhirkumar/Work/EverestCodingAssignment/EverestCodingAssignment/Tests/bin/Debug/net10.0/CourierService.Tests.dll" adapterTypeName="executor://xunit/VsTestRunner2/netcoreapp" className="CourierService.Tests.Infrastructure.Parsers.InputParserTests" name="ParseDeliveryCostInput_InvalidInput_ThrowsException" />
    </UnitTest>
    <UnitTest name="CourierService.Tests.Infrastructure.Offers.OfferServiceTests.IsValidOffer_ReturnsExpectedResult(offerCode: &quot;OFR003&quot;, distance: 100, weight: 50, expected: True)" storage="/users/sudhirkumar/work/everestcodingassignment/everestcodingassignment/tests/bin/debug/net10.0/courierservice.tests.dll" id="7be5fc82-4125-4cd1-cbaa-052f231baa0b">
      <Execution id="7f1b82a9-d70b-47e2-8404-3a4ee7dc867a" />
      <TestMethod codeBase="/Users/sudhirkumar/Work/EverestCodingAssignment/EverestCodingAssignment/Tests/bin/Debug/net10.0/CourierService.Tests.dll" adapterTypeName="executor://xunit/VsTestRunner2/netcoreapp" className="CourierService.Tests.Infrastructure.Offers.OfferServiceTests" name="IsValidOffer_ReturnsExpectedResult" />
    </UnitTest>
    <UnitTest name="CourierService.Tests.Infrastructure.Offers.OfferServiceTests.CalculateDiscount_ReturnsExpectedAmount(offerCode: &quot;OFR001&quot;, distance: 150, weight: 100, deliveryCost: 1850, expectedDiscount: 185)" storage="/users/sudhirkumar/work/everestcodingassignment/everestcodingassignment/tests/bin/debug/net10.0/courierservice.tests.dll" id="6aad6691-715a-5c31-139f-6ee9db16debf">
      <Execution id="80042c18-e87d-4b22-89d8-de759bb644c1" />
      <TestMethod codeBase="/Users/sudhirkumar/Work/EverestCodingAssignment/EverestCodingAssignment/Tests/bin/Debug/net10.0/CourierService.Tests.dll" adapterTypeName="executor://xunit/VsTestRunner2/netcoreapp" className="CourierService.Tests.Infrastructure.Offers.OfferServiceTests" name="CalculateDiscount_ReturnsExpectedAmount" />
    </UnitTest>
  </TestDefinitions>
  <TestEntries>
    <TestEntry testId="4ca8a1ff-7e3d-2a1c-e933-119755ec5dfd" executionId="5e2a69ff-8e83-4fed-a62d-92d4855e06f5" testListId="8c84fa94-04c1-424b-9868-57a2d4851a1d" />
    <TestEntry testId="22e583be-938f-2b5c-ab9c-d302fc77fb35" executionId="61ae582c-773c-445c-84ed-1f5ab7b4f721" testListId="8c84fa94-04c1-424b-9868-57a2d4851a1d" />
    <TestEntry testId="ab60cf85-12f6-20bc-efc0-1e3dcbd628a9" executionId="cb588ba5-3eed-4c71-b052-864572a2a7db" testListId="8c84fa94-04c1-424b-9868-57a2d4851a1d" />
    <TestEntry testId="79f4fab0-d973-9a54-dd0c-95afafbb045a" executionId="35c44f91-70d8-43a0-a94f-d865847d83d7" testListId="8c84fa94-04c1-424b-9868-57a2d4851a1d" />
    <TestEntry testId="7e8e7c4f-bd67-fbd6-e242-e256b3c24f77" executionId="e2d52f80-89c4-41de-95eb-129b27c1920e" testListId="8c84fa94-04c1-424b-9868-57a2d4851a1d" />
    <TestEntry testId="bbe75d59-d1f2-f2de-d98c-41ac30de4ae1" executionId="e7f5a498-ad69-42e7-b90d-a4fdbdc67617" testListId="8c84fa94-04c1-424b-9868-57a2d4851a1d" />
    <TestEntry testId="685e654c-fdb7-25b3-e2b1-b24b5ea85de1" executionId="f9baff11-b801-4058-96f9-44a12f2a879b" testListId="8c84fa94-04c1-424b-9868-57a2d4851a1d" />
    <TestEntry testId="01cacf69-689b-87c6-f783-e874badb37d1" executionId="9a0de200-2835-45ac-8c3f-244cf140d570" testListId="8c84fa94-04c1-424b-9868-57a2d4851a1d" />
    <TestEntry testId="6a34fd55-56db-325f-5870-4187aba659a4" executionId="97ebb8b0-24a2-48d5-82c7-83bdf43f8aa3" testListId="8c84fa94-04c1-424b-9868-57a2d4851a1d" />
    <TestEntry testId="d69d3d28-21e5-2bec-fb4f-5938094ef0fc" executionId="5bf795b1-935b-444a-b8b7-bcb2692ce3da" testListId="8c84fa94-04c1-424b-9868-57a2d4851a1d" />
    <TestEntry testId="6aad6691-715a-5c31-139f-6ee9db16debf" executionId="80042c18-e87d-4b22-89d8-de759bb644c1" testListId="8c84fa94-04c1-424b-9868-57a2d4851a1d" />
    <TestEntry testId="592c8293-06fa-e4bd-1c34-ac0754ec43af" executionId="3e83e3fb-35d0-424b-8b2c-eea6e4bb04ea" testListId="8c84fa94-04c1-424b-9868-57a2d4851a1d" />
    <TestEntry testId="e9558655-1d91-425f-0131-c54127016951" executionId="a63aa0ef-d17c-41fd-837e-30cb72aa1eb0" testListId="8c84fa94-04c1-424b-9868-57a2d4851a1d" />
    <TestEntry testId="8c4732e1-a155-c002-d7d1-252072bb151b" executionId="e6190ac3-6c4a-4042-858c-d2c7569b9268" testListId="8c84fa94-04c1-424b-9868-57a2d4851a1d" />
    <TestEntry testId="29f0fd2c-71fc-e407-dfea-d0f6c0162b38" executionId="8a360eb7-fe43-4d2c-813d-cbbe22805608" testListId="8c84fa94-04c1-424b-9868-57a2d4851a1d" />
    <TestEntry testId="0f38eb80-8d8e-8c21-092d-f05c4131cce5" executionId="29151d2f-eeb2-406c-b76b-476c3ca6d76d" testListId="8c84fa94-04c1-424b-9868-57a2d4851a1d" />
    <TestEntry testId="836960ab-5809-b00f-9712-008c18654529" executionId="e1b17b94-3484-4775-8d1e-5468f84fae25" testListId="8c84fa94-04c1-424b-9868-57a2d4851a1d" />
    <TestEntry testId="9d2e8765-e513-1680-3c8d-f0156de36063" executionId="271cc77f-c165-424f-aa98-1016bc8ab133" testListId="8c84fa94-04c1-424b-9868-57a2d4851a1d" />
    <TestEntry testId="f7b5c4af-b631-4eff-441f-3b5391b755ca" executionId="f1d2c986-630a-4894-9fa4-23762ac39453" testListId="8c84fa94-04c1-424b-9868-57a2d4851a1d" />
    <TestEntry testId="e0ab1f2f-02f4-8b0a-0638-a2582e3282f3" executionId="7eaa457a-d607-45a4-963b-79ca9be546eb" testListId="8c84fa94-04c1-424b-9868-57a2d4851a1d" />
    <TestEntry testId="ff921944-9d3b-c159-5f16-9dde759e83ad" executionId="dc082dfd-134f-455b-b3aa-b0be29c7bd87" testListId="8c84fa94-04c1-424b-9868-57a2d4851a1d" />
    <TestEntry testId="28025eb2-b5a0-9e5e-b454-77e928d2b01b" executionId="ca216e9d-6566-4807-bfe6-1cbeab545295" testListId="8c84fa94-04c1-424b-9868-57a2d4851a1d" />
    <TestEntry testId="c25c9e56-b9a2-1499-6c06-b96ce5590e5f" executionId="0ae3ce2c-55e9-4666-9f1a-281d2391d777" testListId="8c84fa94-04c1-424b-9868-57a2d4851a1d" />
    <TestEntry testId="73927546-11f9-a4ae-f6dc-a21bbbb0df2a" executionId="3cf61528-6650-47bb-902a-1f0aaa87d6da" testListId="8c84fa94-04c1-424b-9868-57a2d4851a1d" />
    <TestEntry testId="62126227-e549-3936-3f00-2665d020fc2f" executionId="2d70bfe1-adf1-4fdc-b62f-cd419a9504c4" testListId="8c84fa94-04c1-424b-9868-57a2d4851a1d" />
    <TestEntry testId="c4c73cbc-bc55-2a8b-c825-c45f1cdea21f" executionId="f79954ec-5de6-404d-85ec-9f537d028148" testListId="8c84fa94-04c1-424b-9868-57a2d4851a1d" />
    <TestEntry testId="1584547c-f32a-f367-029c-11f6f5cfed84" executionId="492be9f3-3c61-438f-8a65-9a2108136ce3" testListId="8c84fa94-04c1-424b-9868-57a2d4851a1d" />
    <TestEntry testId="73a22f7d-0198-9ad4-d390-6126e50f9a40" executionId="811ed76a-3133-4c57-a740-932984a745c9" testListId="8c84fa94-04c1-424b-9868-57a2d4851a1d" />
    <TestEntry testId="c0e8b6bf-1219-d1ea-4a87-b16fc6bfd7e3" executionId="17457d82-1764-44e7-8e68-40a335aee882" testListId="8c84fa94-04c1-424b-9868-57a2d4851a1d" />
    <TestEntry testId="b133ff53-1e9a-d884-d0a6-6827e23c5eff" executionId="be1d52c1-daa3-45a7-833d-99d30367b9a8" testListId="8c84fa94-04c1-424b-9868-57a2d4851a1d" />
    <TestEntry testId="797939c2-c506-a20b-369e-585149ce72b7" executionId="d197ba5b-177c-4934-a822-680c71dcb1ef" testListId="8c84fa94-04c1-424b-9868-57a2d4851a1d" />
    <TestEntry testId="510291e9-41e8-b6f1-7337-30ef38e6d145" executionId="c218e919-53ad-40d1-a67b-f85c2b68a696" testListId="8c84fa94-04c1-424b-9868-57a2d4851a1d" />
    <TestEntry testId="c1042982-4b8a-b720-2bf5-da338a4352ab" executionId="faccd342-dab0-4a69-9d72-5a6d4fcde054" testListId="8c84fa94-04c1-424b-9868-57a2d4851a1d" />
    <TestEntry testId="2035af78-20ce-1aa1-0886-877e7cfc33e8" executionId="97938397-1e34-4a3f-898d-2a57b906ada2" testListId="8c84fa94-04c1-424b-9868-57a2d4851a1d" />
    <TestEntry testId="6c8e8576-f752-bc4c-cdd6-8e714514d0a3" executionId="49ac463e-88c2-4b56-96f4-be0d81b57688" testListId="8c84fa94-04c1-424b-9868-57a2d4851a1d" />
    <TestEntry testId="6b320c50-eaa8-7bce-bfb2-fd11f2382eed" executionId="deec77eb-e33e-4e07-a248-2f4b9e19c138" testListId="8c84fa94-04c1-424b-9868-57a2d4851a1d" />
    <TestEntry testId="7667a18e-8b6c-abed-05fe-9ae4e2f46e1d" executionId="4d89fed2-e2b8-4716-a649-0cd42560e3d0" testListId="8c84fa94-04c1-424b-9868-57a2d4851a1d" />
    <TestEntry testId="c42be582-380a-fa31-d8b7-450a713a29c4" executionId="dad10f76-e92a-4a35-9b59-b90b08d63e9c" testListId="8c84fa94-04c1-424b-9868-57a2d4851a1d" />
    <TestEntry testId="10ec3b42-1daa-8fd7-c4f8-06be9128d25e" executionId="9a3b49c9-0dc3-48ef-ab5b-12e326fbdfcc" testListId="8c84fa94-04c1-424b-9868-57a2d4851a1d" />
    <TestEntry testId="ed8b879e-308d-97a0-7d6e-aae58bbc8120" executionId="3a3ccb1b-27f9-414f-8e86-3402310c9790" testListId="8c84fa94-04c1-424b-9868-57a2d4851a1d" />
    <TestEntry testId="12347842-f523-ef1b-f50a-d2d759c9031d" executionId="d01e01be-bff7-4b8f-933c-a8d0455be44c" testListId="8c84fa94-04c1-424b-9868-57a2d4851a1d" />
    <TestEntry testId="8d1eec20-a990-c008-e1c7-864ba82ac434" executionId="732105b0-9d96-4177-ab64-3e07abce05a0" testListId="8c84fa94-04c1-424b-9868-57a2d4851a1d" />
    <TestEntry testId="78ec343d-72ef-b483-2733-fef80fa5d534" executionId="9b31b065-0b00-4d2d-bf40-d914f0013249" testListId="8c84fa94-04c1-424b-9868-57a2d4851a1d" />
    <TestEntry testId="f2ddd3fa-4d40-8839-5632-409158772b91" executionId="894887d5-86d6-4f85-90eb-3b81c77aee0a" testListId="8c84fa94-04c1-424b-9868-57a2d4851a1d" />
    <TestEntry testId="fda34c20-da32-cfae-a93e-4dc11179268a" executionId="c05ffbee-d4e0-42db-af62-9a4e218958a4" testListId="8c84fa94-04c1-424b-9868-57a2d4851a1d" />
    <TestEntry testId="bd7939a1-4071-2c81-7473-56eb731dcebb" executionId="c4f05b31-dbd8-4481-8b3d-9bf3062562f9" testListId="8c84fa94-04c1-424b-9868-57a2d4851a1d" />
    <TestEntry testId="d2842dff-d71f-5ff5-dcf4-6f3ac6e9045e" executionId="82218d94-b517-4c3c-9898-e25d0902d2d8" testListId="8c84fa94-04c1-424b-9868-57a2d4851a1d" />
    <TestEntry testId="683f517d-0de4-8934-67c5-490452695bc0" executionId="ef531ad2-15cf-44d9-a0fe-349298f5efa3" testListId="8c84fa94-04c1-424b-9868-57a2d4851a1d" />
    <TestEntry testId="0a8b8626-6790-6512-4bb7-bc84c1f2950c" executionId="f0ea8513-4558-4d35-ab48-0a74f1653943" testListId="8c84fa94-04c1-424b-9868-57a2d4851a1d" />
    <TestEntry testId="66a2537e-e618-e039-2fef-0282905e4044" executionId="f68f1277-39c5-45b3-9d99-bdb00156fe9f" testListId="8c84fa94-04c1-424b-9868-57a2d4851a1d" />
    <TestEntry testId="f4717b04-3842-5b95-54a0-034796679f30" executionId="ce1be49c-d965-4ec3-91c7-7848d6b6e012" testListId="8c84fa94-04c1-424b-9868-57a2d4851a1d" />
    <TestEntry testId="8661fae1-ee67-167b-dd3a-08ec8de8104d" executionId="4eea5a26-d492-4d00-a45e-0a67be90c022" testListId="8c84fa94-04c1-424b-9868-57a2d4851a1d" />
    <TestEntry testId="8fde8a46-0494-9e78-95d9-18fa69ebd879" executionId="e9cc1c4c-a624-4e67-aeff-2987d7f6652a" testListId="8c84fa94-04c1-424b-9868-57a2d4851a1d" />
    <TestEntry testId="7be5fc82-4125-4cd1-cbaa-052f231baa0b" executionId="7f1b82a9-d70b-47e2-8404-3a4ee7dc867a" testListId="8c84fa94-04c1-424b-9868-57a2d4851a1d" />
    <TestEntry testId="b2e9a9c1-0e65-e32f-15b2-b0d30298dac8" executionId="d33acf03-dcfd-4648-b3d4-73d58d43c6d8" testListId="8c84fa94-04c1-424b-9868-57a2d4851a1d" />
    <TestEntry testId="f8cad89d-8df9-053a-8b2b-9b1950f3e6f2" executionId="75ca30e2-55a7-457d-a45f-155501320b76" testListId="8c84fa94-04c1-424b-9868-57a2d4851a1d" />
    <TestEntry testId="13ae1d82-a001-d181-659c-e09530252c9c" executionId="78f2e052-3bc5-4704-b88e-1ba6674266b7" testListId="8c84fa94-04c1-424b-9868-57a2d4851a1d" />
    <TestEntry testId="cb926cfd-53b4-0462-8b00-8e254b08f2ee" executionId="820e11bc-ced0-4638-95ba-d098511cd288" testListId="8c84fa94-04c1-424b-9868-57a2d4851a1d" />
    <TestEntry testId="e73d7f81-ede5-0486-c1fe-6362c3d78150" executionId="347a035f-020f-4e69-be59-bce58d7615c3" testListId="8c84fa94-04c1-424b-9868-57a2d4851a1d" />
    <TestEntry testId="b81b7fdc-1e3d-3e7c-69ac-86a77ee8d4cd" executionId="5edac644-33ae-4363-890b-734009d44ca9" testListId="8c84fa94-04c1-424b-9868-57a2d4851a1d" />
    <TestEntry testId="24b5a81e-b3c7-3791-d772-8d715ba9fcc0" executionId="1a7a2939-d862-42e8-a783-3dd509f4cda6" testListId="8c84fa94-04c1-424b-9868-57a2d4851a1d" />
  </TestEntries>
  <TestLists>
    <TestList name="Results Not in a List" id="8c84fa94-04c1-424b-9868-57a2d4851a1d" />
    <TestList name="All Loaded Results" id="19431567-8539-422a-85d7-44ee4e166bda" />
  </TestLists>
  <ResultSummary outcome="Completed">
    <Counters total="61" executed="61" passed="61" failed="0" error="0" timeout="0" aborted="0" inconclusive="0" passedButRunAborted="0" notRunnable="0" notExecuted="0" disconnected="0" warning="0" completed="0" inProgress="0" pending="0" />
    <Output>
      <StdOut>[xUnit.net 00:00:00.00] xUnit.net VSTest Adapter v2.8.2+699d445a1a (64-bit .NET 10.0.2)
[xUnit.net 00:00:00.03]   Discovering: CourierService.Tests
[xUnit.net 00:00:00.05]   Discovered:  CourierService.Tests
[xUnit.net 00:00:00.06]   Starting:    CourierService.Tests
[xUnit.net 00:00:00.11]   Finished:    CourierService.Tests
</StdOut>
    </Output>
  </ResultSummary>
</TestRun>