<?xml version="1.0" encoding="utf-8"?>
<TestRun id="6e94a248-57c7-449f-9595-d333a1bef641" name="@Sudhirs-MacBook-Pro 2026-01-24 17:32:26" xmlns="http://microsoft.com/schemas/VisualStudio/TeamTest/2010">
  <Times creation="2026-01-24T17:32:26.2342220+05:30" queuing="2026-01-24T17:32:26.2342220+05:30" start="2026-01-24T17:32:25.9036750+05:30" finish="2026-01-24T17:32:26.2455230+05:30" />
  <TestSettings name="default" id="da95fbc1-482f-4074-81cc-df7e325c73a0">
    <Deployment runDeploymentRoot="_Sudhirs-MacBook-Pro_2026-01-24_17_32_26" />
  </TestSettings>
  <Results>
    <UnitTestResult executionId="193770e5-a5b8-4edf-97c0-a26b73f7633f" testId="c0e8b6bf-1219-d1ea-4a87-b16fc6bfd7e3" testName="CourierService.Tests.Infrastructure.Offers.OfferServiceTests.IsValidOffer_ReturnsExpectedResult(offerCode: &quot;OFR002&quot;, distance: 100, weight: 90, expected: False)" computerName="Sudhirs-MacBook-Pro" duration="00:00:00.0000016" startTime="2026-01-24T17:32:26.2153630+05:30" endTime="2026-01-24T17:32:26.2153630+05:30" testType="13cdc9d9-ddb5-4fa4-a97d-d965ccfc6d4b" outcome="Passed" testListId="8c84fa94-04c1-424b-9868-57a2d4851a1d" relativeResultsDirectory="193770e5-a5b8-4edf-97c0-a26b73f7633f" />
    <UnitTestResult executionId="867c5347-343e-41df-87e5-ede83c416ebf" testId="8661fae1-ee67-167b-dd3a-08ec8de8104d" testName="CourierService.Tests.Infrastructure.Offers.OfferServiceTests.CalculateDiscount_RoundsToTwoDecimalPlaces" computerName="Sudhirs-MacBook-Pro" duration="00:00:00.0000507" startTime="2026-01-24T17:32:26.2163850+05:30" endTime="2026-01-24T17:32:26.2163850+05:30" testType="13cdc9d9-ddb5-4fa4-a97d-d965ccfc6d4b" outcome="Passed" testListId="8c84fa94-04c1-424b-9868-57a2d4851a1d" relativeResultsDirectory="867c5347-343e-41df-87e5-ede83c416ebf" />
    <UnitTestResult executionId="e1a0ec03-34af-4f9f-b9ab-be22f41dad43" testId="6c8e8576-f752-bc4c-cdd6-8e714514d0a3" testName="CourierService.Tests.Infrastructure.Offers.OfferServiceTests.IsValidOffer_ReturnsExpectedResult(offerCode: &quot;&quot;, distance: 100, weight: 100, expected: False)" computerName="Sudhirs-MacBook-Pro" duration="00:00:00.0000017" startTime="2026-01-24T17:32:26.2153440+05:30" endTime="2026-01-24T17:32:26.2153440+05:30" testType="13cdc9d9-ddb5-4fa4-a97d-d965ccfc6d4b" outcome="Passed" testListId="8c84fa94-04c1-424b-9868-57a2d4851a1d" relativeResultsDirectory="e1a0ec03-34af-4f9f-b9ab-be22f41dad43" />
    <UnitTestResult executionId="8ed65547-5a10-456b-99e7-a1e33bfa8402" testId="f8cad89d-8df9-053a-8b2b-9b1950f3e6f2" testName="CourierService.Tests.Infrastructure.Offers.OfferServiceTests.IsValidOffer_ReturnsExpectedResult(offerCode: &quot;OFR001&quot;, distance: 200, weight: 100, expected: False)" computerName="Sudhirs-MacBook-Pro" duration="00:00:00.0000014" startTime="2026-01-24T17:32:26.2154450+05:30" endTime="2026-01-24T17:32:26.2154450+05:30" testType="13cdc9d9-ddb5-4fa4-a97d-d965ccfc6d4b" outcome="Passed" testListId="8c84fa94-04c1-424b-9868-57a2d4851a1d" relativeResultsDirectory="8ed65547-5a10-456b-99e7-a1e33bfa8402" />
    <UnitTestResult executionId="63d132bd-7b56-4562-ada2-d3349e7d8a8f" testId="bd7939a1-4071-2c81-7473-56eb731dcebb" testName="CourierService.Tests.Core.Models.PackageTests.Package_Constructor_SetsProperties" computerName="Sudhirs-MacBook-Pro" duration="00:00:00.0043171" startTime="2026-01-24T17:32:26.2032780+05:30" endTime="2026-01-24T17:32:26.2032780+05:30" testType="13cdc9d9-ddb5-4fa4-a97d-d965ccfc6d4b" outcome="Passed" testListId="8c84fa94-04c1-424b-9868-57a2d4851a1d" relativeResultsDirectory="63d132bd-7b56-4562-ada2-d3349e7d8a8f" />
    <UnitTestResult executionId="20d0c5fd-2151-4bcc-a238-72ec2e641ddb" testId="78ec343d-72ef-b483-2733-fef80fa5d534" testName="CourierService.Tests.Infrastructure.Offers.OfferServiceTests.IsValidOffer_ReturnsExpectedResult(offerCode: &quot;OFR003&quot;, distance: 100, weight: 9, expected: False)" computerName="Sudhirs-MacBook-Pro" duration="00:00:00.0000017" startTime="2026-01-24T17:32:26.2153760+05:30" endTime="2026-01-24T17:32:26.2153760+05:30" testType="13cdc9d9-ddb5-4fa4-a97d-d965ccfc6d4b" outcome="Passed" testListId="8c84fa94-04c1-424b-9868-57a2d4851a1d" relativeResultsDirectory="20d0c5fd-2151-4bcc-a238-72ec2e641ddb" />
    <UnitTestResult executionId="eaf10056-dc43-4002-af4c-3501615673bc" testId="683f517d-0de4-8934-67c5-490452695bc0" testName="CourierService.Tests.Infrastructure.Offers.OfferServiceTests.IsValidOffer_ReturnsExpectedResult(offerCode: &quot;OFR001&quot;, distance: 150, weight: 50, expected: False)" computerName="Sudhirs-MacBook-Pro" duration="00:00:00.0001959" startTime="2026-01-24T17:32:26.2037320+05:30" endTime="2026-01-24T17:32:26.2037320+05:30" testType="13cdc9d9-ddb5-4fa4-a97d-d965ccfc6d4b" outcome="Passed" testListId="8c84fa94-04c1-424b-9868-57a2d4851a1d" relativeResultsDirectory="eaf10056-dc43-4002-af4c-3501615673bc" />
    <UnitTestResult executionId="c3ca7524-a885-478b-810b-7b8a7ebc355b" testId="29f0fd2c-71fc-e407-dfea-d0f6c0162b38" testName="CourierService.Tests.Infrastructure.Offers.OfferServiceTests.CalculateDiscount_ReturnsExpectedAmount(offerCode: &quot;OFR001&quot;, distance: 250, weight: 100, deliveryCost: 2100, expectedDiscount: 0)" computerName="Sudhirs-MacBook-Pro" duration="00:00:00.0000020" startTime="2026-01-24T17:32:26.2163130+05:30" endTime="2026-01-24T17:32:26.2163130+05:30" testType="13cdc9d9-ddb5-4fa4-a97d-d965ccfc6d4b" outcome="Passed" testListId="8c84fa94-04c1-424b-9868-57a2d4851a1d" relativeResultsDirectory="c3ca7524-a885-478b-810b-7b8a7ebc355b" />
    <UnitTestResult executionId="c8e7a683-c883-4b57-ab44-a5e2c3d2ac51" testId="c4c73cbc-bc55-2a8b-c825-c45f1cdea21f" testName="CourierService.Tests.Infrastructure.Offers.OfferServiceTests.IsValidOffer_ReturnsExpectedResult(offerCode: &quot;OFR002&quot;, distance: 100, weight: 150, expected: True)" computerName="Sudhirs-MacBook-Pro" duration="00:00:00.0000013" startTime="2026-01-24T17:32:26.2160790+05:30" endTime="2026-01-24T17:32:26.2160790+05:30" testType="13cdc9d9-ddb5-4fa4-a97d-d965ccfc6d4b" outcome="Passed" testListId="8c84fa94-04c1-424b-9868-57a2d4851a1d" relativeResultsDirectory="c8e7a683-c883-4b57-ab44-a5e2c3d2ac51" />
    <UnitTestResult executionId="5f607f51-3066-41c6-9d97-b13d10ab2d9e" testId="66a2537e-e618-e039-2fef-0282905e4044" testName="CourierService.Tests.Infrastructure.Offers.OfferServiceTests.IsValidOffer_ReturnsExpectedResult(offerCode: &quot;INVALID&quot;, distance: 100, weight: 100, expected: False)" computerName="Sudhirs-MacBook-Pro" duration="00:00:00.0000014" startTime="2026-01-24T17:32:26.2160240+05:30" endTime="2026-01-24T17:32:26.2160240+05:30" testType="13cdc9d9-ddb5-4fa4-a97d-d965ccfc6d4b" outcome="Passed" testListId="8c84fa94-04c1-424b-9868-57a2d4851a1d" relativeResultsDirectory="5f607f51-3066-41c6-9d97-b13d10ab2d9e" />
    <UnitTestResult executionId="f3a8164b-12e9-4dfd-9cec-40b69c90adff" testId="f2ddd3fa-4d40-8839-5632-409158772b91" testName="CourierService.Tests.Infrastructure.Offers.OfferServiceTests.IsValidOffer_ReturnsExpectedResult(offerCode: &quot;OFFR002&quot;, distance: 100, weight: 120, expected: True)" computerName="Sudhirs-MacBook-Pro" duration="00:00:00.0000015" startTime="2026-01-24T17:32:26.2160660+05:30" endTime="2026-01-24T17:32:26.2160660+05:30" testType="13cdc9d9-ddb5-4fa4-a97d-d965ccfc6d4b" outcome="Passed" testListId="8c84fa94-04c1-424b-9868-57a2d4851a1d" relativeResultsDirectory="f3a8164b-12e9-4dfd-9cec-40b69c90adff" />
    <UnitTestResult executionId="095fc377-3a68-46a5-b6a0-19055cf190cf" testId="b81b7fdc-1e3d-3e7c-69ac-86a77ee8d4cd" testName="CourierService.Tests.Infrastructure.Offers.OfferServiceTests.IsValidOffer_ReturnsExpectedResult(offerCode: &quot;OFR001&quot;, distance: 150, weight: 100, expected: True)" computerName="Sudhirs-MacBook-Pro" duration="00:00:00.0066858" startTime="2026-01-24T17:32:26.2036820+05:30" endTime="2026-01-24T17:32:26.2036820+05:30" testType="13cdc9d9-ddb5-4fa4-a97d-d965ccfc6d4b" outcome="Passed" testListId="8c84fa94-04c1-424b-9868-57a2d4851a1d" relativeResultsDirectory="095fc377-3a68-46a5-b6a0-19055cf190cf" />
    <UnitTestResult executionId="5d9df058-f4cb-40f1-90ac-e7e47be9a5ce" testId="c1042982-4b8a-b720-2bf5-da338a4352ab" testName="CourierService.Tests.Infrastructure.Offers.OfferServiceTests.IsValidOffer_ReturnsExpectedResult(offerCode: &quot;OFR003&quot;, distance: 49, weight: 50, expected: False)" computerName="Sudhirs-MacBook-Pro" duration="00:00:00.0000017" startTime="2026-01-24T17:32:26.2153910+05:30" endTime="2026-01-24T17:32:26.2153910+05:30" testType="13cdc9d9-ddb5-4fa4-a97d-d965ccfc6d4b" outcome="Passed" testListId="8c84fa94-04c1-424b-9868-57a2d4851a1d" relativeResultsDirectory="5d9df058-f4cb-40f1-90ac-e7e47be9a5ce" />
    <UnitTestResult executionId="f8449b18-12f4-424d-9a4e-cb80c510de7a" testId="28025eb2-b5a0-9e5e-b454-77e928d2b01b" testName="CourierService.Tests.Infrastructure.Offers.OfferServiceTests.IsValidOffer_ReturnsExpectedResult(offerCode: &quot;NA&quot;, distance: 100, weight: 120, expected: False)" computerName="Sudhirs-MacBook-Pro" duration="00:00:00.0000030" startTime="2026-01-24T17:32:26.2160410+05:30" endTime="2026-01-24T17:32:26.2160410+05:30" testType="13cdc9d9-ddb5-4fa4-a97d-d965ccfc6d4b" outcome="Passed" testListId="8c84fa94-04c1-424b-9868-57a2d4851a1d" relativeResultsDirectory="f8449b18-12f4-424d-9a4e-cb80c510de7a" />
    <UnitTestResult executionId="a55ed52d-82b2-47e6-93f8-b03174df2a12" testId="01cacf69-689b-87c6-f783-e874badb37d1" testName="CourierService.Tests.Infrastructure.Offers.OfferServiceTests.CalculateDiscount_ReturnsExpectedAmount(offerCode: &quot;INVALID&quot;, distance: 100, weight: 100, deliveryCost: 1000, expectedDiscount: 0)" computerName="Sudhirs-MacBook-Pro" duration="00:00:00.0001722" startTime="2026-01-24T17:32:26.2161200+05:30" endTime="2026-01-24T17:32:26.2161200+05:30" testType="13cdc9d9-ddb5-4fa4-a97d-d965ccfc6d4b" outcome="Passed" testListId="8c84fa94-04c1-424b-9868-57a2d4851a1d" relativeResultsDirectory="a55ed52d-82b2-47e6-93f8-b03174df2a12" />
    <UnitTestResult executionId="8bd03708-8469-492c-b749-8c279bd7d3ab" testId="d69d3d28-21e5-2bec-fb4f-5938094ef0fc" testName="CourierService.Tests.Infrastructure.Offers.OfferServiceTests.IsValidOffer_ReturnsExpectedResult(offerCode: &quot;OFR003&quot;, distance: 250, weight: 150, expected: True)" computerName="Sudhirs-MacBook-Pro" duration="00:00:00.0000048" startTime="2026-01-24T17:32:26.2037460+05:30" endTime="2026-01-24T17:32:26.2037460+05:30" testType="13cdc9d9-ddb5-4fa4-a97d-d965ccfc6d4b" outcome="Passed" testListId="8c84fa94-04c1-424b-9868-57a2d4851a1d" relativeResultsDirectory="8bd03708-8469-492c-b749-8c279bd7d3ab" />
    <UnitTestResult executionId="28abe275-13c5-4f49-8d24-6a8eab20e5d6" testId="ff921944-9d3b-c159-5f16-9dde759e83ad" testName="CourierService.Tests.Core.Models.VehicleTests.Vehicle_CanCarry_ReturnsTrueWhenWeightAvailable" computerName="Sudhirs-MacBook-Pro" duration="00:00:00.0001223" startTime="2026-01-24T17:32:26.2036620+05:30" endTime="2026-01-24T17:32:26.2036620+05:30" testType="13cdc9d9-ddb5-4fa4-a97d-d965ccfc6d4b" outcome="Passed" testListId="8c84fa94-04c1-424b-9868-57a2d4851a1d" relativeResultsDirectory="28abe275-13c5-4f49-8d24-6a8eab20e5d6" />
    <UnitTestResult executionId="c51dde52-382d-4dae-abcf-ddf5b3709fd7" testId="b2e9a9c1-0e65-e32f-15b2-b0d30298dac8" testName="CourierService.Tests.Infrastructure.Offers.OfferServiceTests.IsValidOffer_ReturnsExpectedResult(offerCode: &quot;OFFR08&quot;, distance: 100, weight: 120, expected: False)" computerName="Sudhirs-MacBook-Pro" duration="00:00:00.0000015" startTime="2026-01-24T17:32:26.2154180+05:30" endTime="2026-01-24T17:32:26.2154180+05:30" testType="13cdc9d9-ddb5-4fa4-a97d-d965ccfc6d4b" outcome="Passed" testListId="8c84fa94-04c1-424b-9868-57a2d4851a1d" relativeResultsDirectory="c51dde52-382d-4dae-abcf-ddf5b3709fd7" />
    <UnitTestResult executionId="ed0a76f6-d527-4833-aecb-c6415a3ac2d7" testId="836960ab-5809-b00f-9712-008c18654529" testName="CourierService.Tests.Infrastructure.Offers.OfferServiceTests.AddOffer_AddsNewOfferToCollection" computerName="Sudhirs-MacBook-Pro" duration="00:00:00.0001735" startTime="2026-01-24T17:32:26.2163700+05:30" endTime="2026-01-24T17:32:26.2163700+05:30" testType="13cdc9d9-ddb5-4fa4-a97d-d965ccfc6d4b" outcome="Passed" testListId="8c84fa94-04c1-424b-9868-57a2d4851a1d" relativeResultsDirectory="ed0a76f6-d527-4833-aecb-c6415a3ac2d7" />
    <UnitTestResult executionId="00f8fa25-1ddf-4233-9f3a-7f8129212772" testId="8c4732e1-a155-c002-d7d1-252072bb151b" testName="CourierService.Tests.Infrastructure.Offers.OfferServiceTests.CalculateDiscount_ReturnsExpectedAmount(offerCode: &quot;OFR002&quot;, distance: 100, weight: 150, deliveryCost: 2100, expectedDiscount: 147)" computerName="Sudhirs-MacBook-Pro" duration="00:00:00.0002173" startTime="2026-01-24T17:32:26.2161080+05:30" endTime="2026-01-24T17:32:26.2161080+05:30" testType="13cdc9d9-ddb5-4fa4-a97d-d965ccfc6d4b" outcome="Passed" testListId="8c84fa94-04c1-424b-9868-57a2d4851a1d" relativeResultsDirectory="00f8fa25-1ddf-4233-9f3a-7f8129212772" />
    <UnitTestResult executionId="2b5e5530-779c-46d0-b1ee-ed466a900134" testId="13ae1d82-a001-d181-659c-e09530252c9c" testName="CourierService.Tests.Infrastructure.Offers.OfferServiceTests.CalculateDiscount_ReturnsExpectedAmount(offerCode: &quot;OFFR08&quot;, distance: 125, weight: 75, deliveryCost: 1475, expectedDiscount: 0)" computerName="Sudhirs-MacBook-Pro" duration="00:00:00.0000018" startTime="2026-01-24T17:32:26.2163540+05:30" endTime="2026-01-24T17:32:26.2163540+05:30" testType="13cdc9d9-ddb5-4fa4-a97d-d965ccfc6d4b" outcome="Passed" testListId="8c84fa94-04c1-424b-9868-57a2d4851a1d" relativeResultsDirectory="2b5e5530-779c-46d0-b1ee-ed466a900134" />
    <UnitTestResult executionId="5c663c5e-28bd-4ee0-9d0f-0c5f10530ff0" testId="e73d7f81-ede5-0486-c1fe-6362c3d78150" testName="CourierService.Tests.Infrastructure.Offers.OfferServiceTests.IsValidOffer_ReturnsExpectedResult(offerCode: &quot;OFR001&quot;, distance: 150, weight: 250, expected: False)" computerName="Sudhirs-MacBook-Pro" duration="00:00:00.0000030" startTime="2026-01-24T17:32:26.2037580+05:30" endTime="2026-01-24T17:32:26.2037580+05:30" testType="13cdc9d9-ddb5-4fa4-a97d-d965ccfc6d4b" outcome="Passed" testListId="8c84fa94-04c1-424b-9868-57a2d4851a1d" relativeResultsDirectory="5c663c5e-28bd-4ee0-9d0f-0c5f10530ff0" />
    <UnitTestResult executionId="19547aba-e9f5-49c0-bc41-e3e7b6627b0e" testId="ed8b879e-308d-97a0-7d6e-aae58bbc8120" testName="CourierService.Tests.Infrastructure.Offers.OfferServiceTests.IsValidOffer_ReturnsExpectedResult(offerCode: &quot;OFR001&quot;, distance: 199, weight: 70, expected: True)" computerName="Sudhirs-MacBook-Pro" duration="00:00:00.0000016" startTime="2026-01-24T17:32:26.2154030+05:30" endTime="2026-01-24T17:32:26.2154030+05:30" testType="13cdc9d9-ddb5-4fa4-a97d-d965ccfc6d4b" outcome="Passed" testListId="8c84fa94-04c1-424b-9868-57a2d4851a1d" relativeResultsDirectory="19547aba-e9f5-49c0-bc41-e3e7b6627b0e" />
    <UnitTestResult executionId="a1e30276-ee07-49a7-a345-aa836f4069ea" testId="6aad6691-715a-5c31-139f-6ee9db16debf" testName="CourierService.Tests.Infrastructure.Offers.OfferServiceTests.CalculateDiscount_ReturnsExpectedAmount(offerCode: &quot;OFR001&quot;, distance: 150, weight: 100, deliveryCost: 1850, expectedDiscount: 185)" computerName="Sudhirs-MacBook-Pro" duration="00:00:00.0000020" startTime="2026-01-24T17:32:26.2163300+05:30" endTime="2026-01-24T17:32:26.2163300+05:30" testType="13cdc9d9-ddb5-4fa4-a97d-d965ccfc6d4b" outcome="Passed" testListId="8c84fa94-04c1-424b-9868-57a2d4851a1d" relativeResultsDirectory="a1e30276-ee07-49a7-a345-aa836f4069ea" />
    <UnitTestResult executionId="949e3fbb-74c9-4eb0-b92f-a625f7cf8608" testId="7be5fc82-4125-4cd1-cbaa-052f231baa0b" testName="CourierService.Tests.Infrastructure.Offers.OfferServiceTests.IsValidOffer_ReturnsExpectedResult(offerCode: &quot;OFR003&quot;, distance: 100, weight: 50, expected: True)" computerName="Sudhirs-MacBook-Pro" duration="00:00:00.0000017" startTime="2026-01-24T17:32:26.2160540+05:30" endTime="2026-01-24T17:32:26.2160540+05:30" testType="13cdc9d9-ddb5-4fa4-a97d-d965ccfc6d4b" outcome="Passed" testListId="8c84fa94-04c1-424b-9868-57a2d4851a1d" relativeResultsDirectory="949e3fbb-74c9-4eb0-b92f-a625f7cf8608" />
    <UnitTestResult executionId="98335ef2-a77c-47a8-8998-f3846cac6e7d" testId="24b5a81e-b3c7-3791-d772-8d715ba9fcc0" testName="CourierService.Tests.Infrastructure.Offers.OfferServiceTests.IsValidOffer_ReturnsExpectedResult(offerCode: &quot;OFR002&quot;, distance: 151, weight: 150, expected: False)" computerName="Sudhirs-MacBook-Pro" duration="00:00:00.0000015" startTime="2026-01-24T17:32:26.2154320+05:30" endTime="2026-01-24T17:32:26.2154320+05:30" testType="13cdc9d9-ddb5-4fa4-a97d-d965ccfc6d4b" outcome="Passed" testListId="8c84fa94-04c1-424b-9868-57a2d4851a1d" relativeResultsDirectory="98335ef2-a77c-47a8-8998-f3846cac6e7d" />
    <UnitTestResult executionId="eff56ab5-182b-4ac7-8c97-f078bb2d6e07" testId="4ca8a1ff-7e3d-2a1c-e933-119755ec5dfd" testName="CourierService.Tests.Infrastructure.Offers.OfferServiceTests.CalculateDiscount_ReturnsExpectedAmount(offerCode: &quot;OFR003&quot;, distance: 100, weight: 100, deliveryCost: 1600, expectedDiscount: 80)" computerName="Sudhirs-MacBook-Pro" duration="00:00:00.0000041" startTime="2026-01-24T17:32:26.2161320+05:30" endTime="2026-01-24T17:32:26.2161320+05:30" testType="13cdc9d9-ddb5-4fa4-a97d-d965ccfc6d4b" outcome="Passed" testListId="8c84fa94-04c1-424b-9868-57a2d4851a1d" relativeResultsDirectory="eff56ab5-182b-4ac7-8c97-f078bb2d6e07" />
    <UnitTestResult executionId="8b6e8b4d-3890-43af-aefa-4d7f6093b70d" testId="73927546-11f9-a4ae-f6dc-a21bbbb0df2a" testName="CourierService.Tests.Infrastructure.Offers.OfferServiceTests.CalculateDiscount_ReturnsExpectedAmount(offerCode: &quot;OFFR002&quot;, distance: 60, weight: 110, deliveryCost: 1500, expectedDiscount: 105)" computerName="Sudhirs-MacBook-Pro" duration="00:00:00.0000032" startTime="2026-01-24T17:32:26.2163420+05:30" endTime="2026-01-24T17:32:26.2163420+05:30" testType="13cdc9d9-ddb5-4fa4-a97d-d965ccfc6d4b" outcome="Passed" testListId="8c84fa94-04c1-424b-9868-57a2d4851a1d" relativeResultsDirectory="8b6e8b4d-3890-43af-aefa-4d7f6093b70d" />
    <UnitTestResult executionId="15648d5c-ecdc-497d-888f-01b3d3a6e487" testId="0a8b8626-6790-6512-4bb7-bc84c1f2950c" testName="CourierService.Tests.Core.Models.VehicleTests.Vehicle_CanCarry_ReturnsFalseWhenWeightExceeded" computerName="Sudhirs-MacBook-Pro" duration="00:00:00.0027077" startTime="2026-01-24T17:32:26.2018930+05:30" endTime="2026-01-24T17:32:26.2019020+05:30" testType="13cdc9d9-ddb5-4fa4-a97d-d965ccfc6d4b" outcome="Passed" testListId="8c84fa94-04c1-424b-9868-57a2d4851a1d" relativeResultsDirectory="15648d5c-ecdc-497d-888f-01b3d3a6e487" />
    <UnitTestResult executionId="68e593af-97ae-435f-ae6c-a11ffd37672e" testId="592c8293-06fa-e4bd-1c34-ac0754ec43af" testName="CourierService.Tests.Core.Models.DeliveryResultTests.DeliveryResult_Properties_SetCorrectly" computerName="Sudhirs-MacBook-Pro" duration="00:00:00.0042983" startTime="2026-01-24T17:32:26.2032630+05:30" endTime="2026-01-24T17:32:26.2032630+05:30" testType="13cdc9d9-ddb5-4fa4-a97d-d965ccfc6d4b" outcome="Passed" testListId="8c84fa94-04c1-424b-9868-57a2d4851a1d" relativeResultsDirectory="68e593af-97ae-435f-ae6c-a11ffd37672e" />
    <UnitTestResult executionId="1e011f34-0470-46c2-9756-0976127c4adf" testId="1584547c-f32a-f367-029c-11f6f5cfed84" testName="CourierService.Tests.Infrastructure.Offers.OfferServiceTests.IsValidOffer_ReturnsExpectedResult(offerCode: null, distance: 100, weight: 100, expected: False)" computerName="Sudhirs-MacBook-Pro" duration="00:00:00.0000035" startTime="2026-01-24T17:32:26.2152730+05:30" endTime="2026-01-24T17:32:26.2152730+05:30" testType="13cdc9d9-ddb5-4fa4-a97d-d965ccfc6d4b" outcome="Passed" testListId="8c84fa94-04c1-424b-9868-57a2d4851a1d" relativeResultsDirectory="1e011f34-0470-46c2-9756-0976127c4adf" />
    <UnitTestResult executionId="745232c6-2a50-4fc8-b8b6-aba1ea9423ad" testId="8d1eec20-a990-c008-e1c7-864ba82ac434" testName="CourierService.Tests.Infrastructure.Offers.OfferServiceTests.IsValidOffer_ReturnsExpectedResult(offerCode: &quot;OFR002&quot;, distance: 50, weight: 100, expected: True)" computerName="Sudhirs-MacBook-Pro" duration="00:00:00.0000014" startTime="2026-01-24T17:32:26.2160910+05:30" endTime="2026-01-24T17:32:26.2160910+05:30" testType="13cdc9d9-ddb5-4fa4-a97d-d965ccfc6d4b" outcome="Passed" testListId="8c84fa94-04c1-424b-9868-57a2d4851a1d" relativeResultsDirectory="745232c6-2a50-4fc8-b8b6-aba1ea9423ad" />
    <UnitTestResult executionId="ebd0f3ce-8957-444a-aa81-47b1fecad5b1" testId="f7b5c4af-b631-4eff-441f-3b5391b755ca" testName="CourierService.Tests.Core.Models.OfferTests.Offer_Constructor_SetsProperties" computerName="Sudhirs-MacBook-Pro" duration="00:00:00.0042864" startTime="2026-01-24T17:32:26.2031250+05:30" endTime="2026-01-24T17:32:26.2031250+05:30" testType="13cdc9d9-ddb5-4fa4-a97d-d965ccfc6d4b" outcome="Passed" testListId="8c84fa94-04c1-424b-9868-57a2d4851a1d" relativeResultsDirectory="ebd0f3ce-8957-444a-aa81-47b1fecad5b1" />
  </Results>
  <TestDefinitions>
    <UnitTest name="CourierService.Tests.Infrastructure.Offers.OfferServiceTests.IsValidOffer_ReturnsExpectedResult(offerCode: &quot;OFR002&quot;, distance: 100, weight: 150, expected: True)" storage="/users/sudhirkumar/work/everestcodingassignment/everestcodingassignment/tests/bin/debug/net10.0/courierservice.tests.dll" id="c4c73cbc-bc55-2a8b-c825-c45f1cdea21f">
      <Execution id="c8e7a683-c883-4b57-ab44-a5e2c3d2ac51" />
      <TestMethod codeBase="/Users/sudhirkumar/Work/EverestCodingAssignment/EverestCodingAssignment/Tests/bin/Debug/net10.0/CourierService.Tests.dll" adapterTypeName="executor://xunit/VsTestRunner2/netcoreapp" className="CourierService.Tests.Infrastructure.Offers.OfferServiceTests" name="IsValidOffer_ReturnsExpectedResult" />
    </UnitTest>
    <UnitTest name="CourierService.Tests.Infrastructure.Offers.OfferServiceTests.IsValidOffer_ReturnsExpectedResult(offerCode: &quot;OFR003&quot;, distance: 250, weight: 150, expected: True)" storage="/users/sudhirkumar/work/everestcodingassignment/everestcodingassignment/tests/bin/debug/net10.0/courierservice.tests.dll" id="d69d3d28-21e5-2bec-fb4f-5938094ef0fc">
      <Execution id="8bd03708-8469-492c-b749-8c279bd7d3ab" />
      <TestMethod codeBase="/Users/sudhirkumar/Work/EverestCodingAssignment/EverestCodingAssignment/Tests/bin/Debug/net10.0/CourierService.Tests.dll" adapterTypeName="executor://xunit/VsTestRunner2/netcoreapp" className="CourierService.Tests.Infrastructure.Offers.OfferServiceTests" name="IsValidOffer_ReturnsExpectedResult" />
    </UnitTest>
    <UnitTest name="CourierService.Tests.Infrastructure.Offers.OfferServiceTests.IsValidOffer_ReturnsExpectedResult(offerCode: &quot;OFR003&quot;, distance: 100, weight: 9, expected: False)" storage="/users/sudhirkumar/work/everestcodingassignment/everestcodingassignment/tests/bin/debug/net10.0/courierservice.tests.dll" id="78ec343d-72ef-b483-2733-fef80fa5d534">
      <Execution id="20d0c5fd-2151-4bcc-a238-72ec2e641ddb" />
      <TestMethod codeBase="/Users/sudhirkumar/Work/EverestCodingAssignment/EverestCodingAssignment/Tests/bin/Debug/net10.0/CourierService.Tests.dll" adapterTypeName="executor://xunit/VsTestRunner2/netcoreapp" className="CourierService.Tests.Infrastructure.Offers.OfferServiceTests" name="IsValidOffer_ReturnsExpectedResult" />
    </UnitTest>
    <UnitTest name="CourierService.Tests.Core.Models.PackageTests.Package_Constructor_SetsProperties" storage="/users/sudhirkumar/work/everestcodingassignment/everestcodingassignment/tests/bin/debug/net10.0/courierservice.tests.dll" id="bd7939a1-4071-2c81-7473-56eb731dcebb">
      <Execution id="63d132bd-7b56-4562-ada2-d3349e7d8a8f" />
      <TestMethod codeBase="/Users/sudhirkumar/Work/EverestCodingAssignment/EverestCodingAssignment/Tests/bin/Debug/net10.0/CourierService.Tests.dll" adapterTypeName="executor://xunit/VsTestRunner2/netcoreapp" className="CourierService.Tests.Core.Models.PackageTests" name="Package_Constructor_SetsProperties" />
    </UnitTest>
    <UnitTest name="CourierService.Tests.Infrastructure.Offers.OfferServiceTests.IsValidOffer_ReturnsExpectedResult(offerCode: &quot;&quot;, distance: 100, weight: 100, expected: False)" storage="/users/sudhirkumar/work/everestcodingassignment/everestcodingassignment/tests/bin/debug/net10.0/courierservice.tests.dll" id="6c8e8576-f752-bc4c-cdd6-8e714514d0a3">
      <Execution id="e1a0ec03-34af-4f9f-b9ab-be22f41dad43" />
      <TestMethod codeBase="/Users/sudhirkumar/Work/EverestCodingAssignment/EverestCodingAssignment/Tests/bin/Debug/net10.0/CourierService.Tests.dll" adapterTypeName="executor://xunit/VsTestRunner2/netcoreapp" className="CourierService.Tests.Infrastructure.Offers.OfferServiceTests" name="IsValidOffer_ReturnsExpectedResult" />
    </UnitTest>
    <UnitTest name="CourierService.Tests.Infrastructure.Offers.OfferServiceTests.CalculateDiscount_ReturnsExpectedAmount(offerCode: &quot;OFR003&quot;, distance: 100, weight: 100, deliveryCost: 1600, expectedDiscount: 80)" storage="/users/sudhirkumar/work/everestcodingassignment/everestcodingassignment/tests/bin/debug/net10.0/courierservice.tests.dll" id="4ca8a1ff-7e3d-2a1c-e933-119755ec5dfd">
      <Execution id="eff56ab5-182b-4ac7-8c97-f078bb2d6e07" />
      <TestMethod codeBase="/Users/sudhirkumar/Work/EverestCodingAssignment/EverestCodingAssignment/Tests/bin/Debug/net10.0/CourierService.Tests.dll" adapterTypeName="executor://xunit/VsTestRunner2/netcoreapp" className="CourierService.Tests.Infrastructure.Offers.OfferServiceTests" name="CalculateDiscount_ReturnsExpectedAmount" />
    </UnitTest>
    <UnitTest name="CourierService.Tests.Infrastructure.Offers.OfferServiceTests.IsValidOffer_ReturnsExpectedResult(offerCode: &quot;OFR001&quot;, distance: 199, weight: 70, expected: True)" storage="/users/sudhirkumar/work/everestcodingassignment/everestcodingassignment/tests/bin/debug/net10.0/courierservice.tests.dll" id="ed8b879e-308d-97a0-7d6e-aae58bbc8120">
      <Execution id="19547aba-e9f5-49c0-bc41-e3e7b6627b0e" />
      <TestMethod codeBase="/Users/sudhirkumar/Work/EverestCodingAssignment/EverestCodingAssignment/Tests/bin/Debug/net10.0/CourierService.Tests.dll" adapterTypeName="executor://xunit/VsTestRunner2/netcoreapp" className="CourierService.Tests.Infrastructure.Offers.OfferServiceTests" name="IsValidOffer_ReturnsExpectedResult" />
    </UnitTest>
    <UnitTest name="CourierService.Tests.Infrastructure.Offers.OfferServiceTests.IsValidOffer_ReturnsExpectedResult(offerCode: &quot;OFR001&quot;, distance: 150, weight: 50, expected: False)" storage="/users/sudhirkumar/work/everestcodingassignment/everestcodingassignment/tests/bin/debug/net10.0/courierservice.tests.dll" id="683f517d-0de4-8934-67c5-490452695bc0">
      <Execution id="eaf10056-dc43-4002-af4c-3501615673bc" />
      <TestMethod codeBase="/Users/sudhirkumar/Work/EverestCodingAssignment/EverestCodingAssignment/Tests/bin/Debug/net10.0/CourierService.Tests.dll" adapterTypeName="executor://xunit/VsTestRunner2/netcoreapp" className="CourierService.Tests.Infrastructure.Offers.OfferServiceTests" name="IsValidOffer_ReturnsExpectedResult" />
    </UnitTest>
    <UnitTest name="CourierService.Tests.Infrastructure.Offers.OfferServiceTests.CalculateDiscount_ReturnsExpectedAmount(offerCode: &quot;OFR001&quot;, distance: 250, weight: 100, deliveryCost: 2100, expectedDiscount: 0)" storage="/users/sudhirkumar/work/everestcodingassignment/everestcodingassignment/tests/bin/debug/net10.0/courierservice.tests.dll" id="29f0fd2c-71fc-e407-dfea-d0f6c0162b38">
      <Execution id="c3ca7524-a885-478b-810b-7b8a7ebc355b" />
      <TestMethod codeBase="/Users/sudhirkumar/Work/EverestCodingAssignment/EverestCodingAssignment/Tests/bin/Debug/net10.0/CourierService.Tests.dll" adapterTypeName="executor://xunit/VsTestRunner2/netcoreapp" className="CourierService.Tests.Infrastructure.Offers.OfferServiceTests" name="CalculateDiscount_ReturnsExpectedAmount" />
    </UnitTest>
    <UnitTest name="CourierService.Tests.Infrastructure.Offers.OfferServiceTests.IsValidOffer_ReturnsExpectedResult(offerCode: &quot;OFR002&quot;, distance: 151, weight: 150, expected: False)" storage="/users/sudhirkumar/work/everestcodingassignment/everestcodingassignment/tests/bin/debug/net10.0/courierservice.tests.dll" id="24b5a81e-b3c7-3791-d772-8d715ba9fcc0">
      <Execution id="98335ef2-a77c-47a8-8998-f3846cac6e7d" />
      <TestMethod codeBase="/Users/sudhirkumar/Work/EverestCodingAssignment/EverestCodingAssignment/Tests/bin/Debug/net10.0/CourierService.Tests.dll" adapterTypeName="executor://xunit/VsTestRunner2/netcoreapp" className="CourierService.Tests.Infrastructure.Offers.OfferServiceTests" name="IsValidOffer_ReturnsExpectedResult" />
    </UnitTest>
    <UnitTest name="CourierService.Tests.Infrastructure.Offers.OfferServiceTests.AddOffer_AddsNewOfferToCollection" storage="/users/sudhirkumar/work/everestcodingassignment/everestcodingassignment/tests/bin/debug/net10.0/courierservice.tests.dll" id="836960ab-5809-b00f-9712-008c18654529">
      <Execution id="ed0a76f6-d527-4833-aecb-c6415a3ac2d7" />
      <TestMethod codeBase="/Users/sudhirkumar/Work/EverestCodingAssignment/EverestCodingAssignment/Tests/bin/Debug/net10.0/CourierService.Tests.dll" adapterTypeName="executor://xunit/VsTestRunner2/netcoreapp" className="CourierService.Tests.Infrastructure.Offers.OfferServiceTests" name="AddOffer_AddsNewOfferToCollection" />
    </UnitTest>
    <UnitTest name="CourierService.Tests.Core.Models.DeliveryResultTests.DeliveryResult_Properties_SetCorrectly" storage="/users/sudhirkumar/work/everestcodingassignment/everestcodingassignment/tests/bin/debug/net10.0/courierservice.tests.dll" id="592c8293-06fa-e4bd-1c34-ac0754ec43af">
      <Execution id="68e593af-97ae-435f-ae6c-a11ffd37672e" />
      <TestMethod codeBase="/Users/sudhirkumar/Work/EverestCodingAssignment/EverestCodingAssignment/Tests/bin/Debug/net10.0/CourierService.Tests.dll" adapterTypeName="executor://xunit/VsTestRunner2/netcoreapp" className="CourierService.Tests.Core.Models.DeliveryResultTests" name="DeliveryResult_Properties_SetCorrectly" />
    </UnitTest>
    <UnitTest name="CourierService.Tests.Infrastructure.Offers.OfferServiceTests.IsValidOffer_ReturnsExpectedResult(offerCode: &quot;OFFR002&quot;, distance: 100, weight: 120, expected: True)" storage="/users/sudhirkumar/work/everestcodingassignment/everestcodingassignment/tests/bin/debug/net10.0/courierservice.tests.dll" id="f2ddd3fa-4d40-8839-5632-409158772b91">
      <Execution id="f3a8164b-12e9-4dfd-9cec-40b69c90adff" />
      <TestMethod codeBase="/Users/sudhirkumar/Work/EverestCodingAssignment/EverestCodingAssignment/Tests/bin/Debug/net10.0/CourierService.Tests.dll" adapterTypeName="executor://xunit/VsTestRunner2/netcoreapp" className="CourierService.Tests.Infrastructure.Offers.OfferServiceTests" name="IsValidOffer_ReturnsExpectedResult" />
    </UnitTest>
    <UnitTest name="CourierService.Tests.Infrastructure.Offers.OfferServiceTests.CalculateDiscount_ReturnsExpectedAmount(offerCode: &quot;INVALID&quot;, distance: 100, weight: 100, deliveryCost: 1000, expectedDiscount: 0)" storage="/users/sudhirkumar/work/everestcodingassignment/everestcodingassignment/tests/bin/debug/net10.0/courierservice.tests.dll" id="01cacf69-689b-87c6-f783-e874badb37d1">
      <Execution id="a55ed52d-82b2-47e6-93f8-b03174df2a12" />
      <TestMethod codeBase="/Users/sudhirkumar/Work/EverestCodingAssignment/EverestCodingAssignment/Tests/bin/Debug/net10.0/CourierService.Tests.dll" adapterTypeName="executor://xunit/VsTestRunner2/netcoreapp" className="CourierService.Tests.Infrastructure.Offers.OfferServiceTests" name="CalculateDiscount_ReturnsExpectedAmount" />
    </UnitTest>
    <UnitTest name="CourierService.Tests.Infrastructure.Offers.OfferServiceTests.IsValidOffer_ReturnsExpectedResult(offerCode: &quot;OFR001&quot;, distance: 200, weight: 100, expected: False)" storage="/users/sudhirkumar/work/everestcodingassignment/everestcodingassignment/tests/bin/debug/net10.0/courierservice.tests.dll" id="f8cad89d-8df9-053a-8b2b-9b1950f3e6f2">
      <Execution id="8ed65547-5a10-456b-99e7-a1e33bfa8402" />
      <TestMethod codeBase="/Users/sudhirkumar/Work/EverestCodingAssignment/EverestCodingAssignment/Tests/bin/Debug/net10.0/CourierService.Tests.dll" adapterTypeName="executor://xunit/VsTestRunner2/netcoreapp" className="CourierService.Tests.Infrastructure.Offers.OfferServiceTests" name="IsValidOffer_ReturnsExpectedResult" />
    </UnitTest>
    <UnitTest name="CourierService.Tests.Infrastructure.Offers.OfferServiceTests.IsValidOffer_ReturnsExpectedResult(offerCode: &quot;OFR003&quot;, distance: 49, weight: 50, expected: False)" storage="/users/sudhirkumar/work/everestcodingassignment/everestcodingassignment/tests/bin/debug/net10.0/courierservice.tests.dll" id="c1042982-4b8a-b720-2bf5-da338a4352ab">
      <Execution id="5d9df058-f4cb-40f1-90ac-e7e47be9a5ce" />
      <TestMethod codeBase="/Users/sudhirkumar/Work/EverestCodingAssignment/EverestCodingAssignment/Tests/bin/Debug/net10.0/CourierService.Tests.dll" adapterTypeName="executor://xunit/VsTestRunner2/netcoreapp" className="CourierService.Tests.Infrastructure.Offers.OfferServiceTests" name="IsValidOffer_ReturnsExpectedResult" />
    </UnitTest>
    <UnitTest name="CourierService.Tests.Infrastructure.Offers.OfferServiceTests.IsValidOffer_ReturnsExpectedResult(offerCode: &quot;NA&quot;, distance: 100, weight: 120, expected: False)" storage="/users/sudhirkumar/work/everestcodingassignment/everestcodingassignment/tests/bin/debug/net10.0/courierservice.tests.dll" id="28025eb2-b5a0-9e5e-b454-77e928d2b01b">
      <Execution id="f8449b18-12f4-424d-9a4e-cb80c510de7a" />
      <TestMethod codeBase="/Users/sudhirkumar/Work/EverestCodingAssignment/EverestCodingAssignment/Tests/bin/Debug/net10.0/CourierService.Tests.dll" adapterTypeName="executor://xunit/VsTestRunner2/netcoreapp" className="CourierService.Tests.Infrastructure.Offers.OfferServiceTests" name="IsValidOffer_ReturnsExpectedResult" />
    </UnitTest>
    <UnitTest name="CourierService.Tests.Core.Models.VehicleTests.Vehicle_CanCarry_ReturnsFalseWhenWeightExceeded" storage="/users/sudhirkumar/work/everestcodingassignment/everestcodingassignment/tests/bin/debug/net10.0/courierservice.tests.dll" id="0a8b8626-6790-6512-4bb7-bc84c1f2950c">
      <Execution id="15648d5c-ecdc-497d-888f-01b3d3a6e487" />
      <TestMethod codeBase="/Users/sudhirkumar/Work/EverestCodingAssignment/EverestCodingAssignment/Tests/bin/Debug/net10.0/CourierService.Tests.dll" adapterTypeName="executor://xunit/VsTestRunner2/netcoreapp" className="CourierService.Tests.Core.Models.VehicleTests" name="Vehicle_CanCarry_ReturnsFalseWhenWeightExceeded" />
    </UnitTest>
    <UnitTest name="CourierService.Tests.Infrastructure.Offers.OfferServiceTests.CalculateDiscount_ReturnsExpectedAmount(offerCode: &quot;OFR002&quot;, distance: 100, weight: 150, deliveryCost: 2100, expectedDiscount: 147)" storage="/users/sudhirkumar/work/everestcodingassignment/everestcodingassignment/tests/bin/debug/net10.0/courierservice.tests.dll" id="8c4732e1-a155-c002-d7d1-252072bb151b">
      <Execution id="00f8fa25-1ddf-4233-9f3a-7f8129212772" />
      <TestMethod codeBase="/Users/sudhirkumar/Work/EverestCodingAssignment/EverestCodingAssignment/Tests/bin/Debug/net10.0/CourierService.Tests.dll" adapterTypeName="executor://xunit/VsTestRunner2/netcoreapp" className="CourierService.Tests.Infrastructure.Offers.OfferServiceTests" name="CalculateDiscount_ReturnsExpectedAmount" />
    </UnitTest>
    <UnitTest name="CourierService.Tests.Infrastructure.Offers.OfferServiceTests.IsValidOffer_ReturnsExpectedResult(offerCode: &quot;OFR002&quot;, distance: 50, weight: 100, expected: True)" storage="/users/sudhirkumar/work/everestcodingassignment/everestcodingassignment/tests/bin/debug/net10.0/courierservice.tests.dll" id="8d1eec20-a990-c008-e1c7-864ba82ac434">
      <Execution id="745232c6-2a50-4fc8-b8b6-aba1ea9423ad" />
      <TestMethod codeBase="/Users/sudhirkumar/Work/EverestCodingAssignment/EverestCodingAssignment/Tests/bin/Debug/net10.0/CourierService.Tests.dll" adapterTypeName="executor://xunit/VsTestRunner2/netcoreapp" className="CourierService.Tests.Infrastructure.Offers.OfferServiceTests" name="IsValidOffer_ReturnsExpectedResult" />
    </UnitTest>
    <UnitTest name="CourierService.Tests.Infrastructure.Offers.OfferServiceTests.IsValidOffer_ReturnsExpectedResult(offerCode: null, distance: 100, weight: 100, expected: False)" storage="/users/sudhirkumar/work/everestcodingassignment/everestcodingassignment/tests/bin/debug/net10.0/courierservice.tests.dll" id="1584547c-f32a-f367-029c-11f6f5cfed84">
      <Execution id="1e011f34-0470-46c2-9756-0976127c4adf" />
      <TestMethod codeBase="/Users/sudhirkumar/Work/EverestCodingAssignment/EverestCodingAssignment/Tests/bin/Debug/net10.0/CourierService.Tests.dll" adapterTypeName="executor://xunit/VsTestRunner2/netcoreapp" className="CourierService.Tests.Infrastructure.Offers.OfferServiceTests" name="IsValidOffer_ReturnsExpectedResult" />
    </UnitTest>
    <UnitTest name="CourierService.Tests.Infrastructure.Offers.OfferServiceTests.IsValidOffer_ReturnsExpectedResult(offerCode: &quot;OFR001&quot;, distance: 150, weight: 250, expected: False)" storage="/users/sudhirkumar/work/everestcodingassignment/everestcodingassignment/tests/bin/debug/net10.0/courierservice.tests.dll" id="e73d7f81-ede5-0486-c1fe-6362c3d78150">
      <Execution id="5c663c5e-28bd-4ee0-9d0f-0c5f10530ff0" />
      <TestMethod codeBase="/Users/sudhirkumar/Work/EverestCodingAssignment/EverestCodingAssignment/Tests/bin/Debug/net10.0/CourierService.Tests.dll" adapterTypeName="executor://xunit/VsTestRunner2/netcoreapp" className="CourierService.Tests.Infrastructure.Offers.OfferServiceTests" name="IsValidOffer_ReturnsExpectedResult" />
    </UnitTest>
    <UnitTest name="CourierService.Tests.Infrastructure.Offers.OfferServiceTests.CalculateDiscount_ReturnsExpectedAmount(offerCode: &quot;OFFR08&quot;, distance: 125, weight: 75, deliveryCost: 1475, expectedDiscount: 0)" storage="/users/sudhirkumar/work/everestcodingassignment/everestcodingassignment/tests/bin/debug/net10.0/courierservice.tests.dll" id="13ae1d82-a001-d181-659c-e09530252c9c">
      <Execution id="2b5e5530-779c-46d0-b1ee-ed466a900134" />
      <TestMethod codeBase="/Users/sudhirkumar/Work/EverestCodingAssignment/EverestCodingAssignment/Tests/bin/Debug/net10.0/CourierService.Tests.dll" adapterTypeName="executor://xunit/VsTestRunner2/netcoreapp" className="CourierService.Tests.Infrastructure.Offers.OfferServiceTests" name="CalculateDiscount_ReturnsExpectedAmount" />
    </UnitTest>
    <UnitTest name="CourierService.Tests.Infrastructure.Offers.OfferServiceTests.IsValidOffer_ReturnsExpectedResult(offerCode: &quot;OFR002&quot;, distance: 100, weight: 90, expected: False)" storage="/users/sudhirkumar/work/everestcodingassignment/everestcodingassignment/tests/bin/debug/net10.0/courierservice.tests.dll" id="c0e8b6bf-1219-d1ea-4a87-b16fc6bfd7e3">
      <Execution id="193770e5-a5b8-4edf-97c0-a26b73f7633f" />
      <TestMethod codeBase="/Users/sudhirkumar/Work/EverestCodingAssignment/EverestCodingAssignment/Tests/bin/Debug/net10.0/CourierService.Tests.dll" adapterTypeName="executor://xunit/VsTestRunner2/netcoreapp" className="CourierService.Tests.Infrastructure.Offers.OfferServiceTests" name="IsValidOffer_ReturnsExpectedResult" />
    </UnitTest>
    <UnitTest name="CourierService.Tests.Infrastructure.Offers.OfferServiceTests.IsValidOffer_ReturnsExpectedResult(offerCode: &quot;OFR001&quot;, distance: 150, weight: 100, expected: True)" storage="/users/sudhirkumar/work/everestcodingassignment/everestcodingassignment/tests/bin/debug/net10.0/courierservice.tests.dll" id="b81b7fdc-1e3d-3e7c-69ac-86a77ee8d4cd">
      <Execution id="095fc377-3a68-46a5-b6a0-19055cf190cf" />
      <TestMethod codeBase="/Users/sudhirkumar/Work/EverestCodingAssignment/EverestCodingAssignment/Tests/bin/Debug/net10.0/CourierService.Tests.dll" adapterTypeName="executor://xunit/VsTestRunner2/netcoreapp" className="CourierService.Tests.Infrastructure.Offers.OfferServiceTests" name="IsValidOffer_ReturnsExpectedResult" />
    </UnitTest>
    <UnitTest name="CourierService.Tests.Infrastructure.Offers.OfferServiceTests.CalculateDiscount_ReturnsExpectedAmount(offerCode: &quot;OFFR002&quot;, distance: 60, weight: 110, deliveryCost: 1500, expectedDiscount: 105)" storage="/users/sudhirkumar/work/everestcodingassignment/everestcodingassignment/tests/bin/debug/net10.0/courierservice.tests.dll" id="73927546-11f9-a4ae-f6dc-a21bbbb0df2a">
      <Execution id="8b6e8b4d-3890-43af-aefa-4d7f6093b70d" />
      <TestMethod codeBase="/Users/sudhirkumar/Work/EverestCodingAssignment/EverestCodingAssignment/Tests/bin/Debug/net10.0/CourierService.Tests.dll" adapterTypeName="executor://xunit/VsTestRunner2/netcoreapp" className="CourierService.Tests.Infrastructure.Offers.OfferServiceTests" name="CalculateDiscount_ReturnsExpectedAmount" />
    </UnitTest>
    <UnitTest name="CourierService.Tests.Core.Models.VehicleTests.Vehicle_CanCarry_ReturnsTrueWhenWeightAvailable" storage="/users/sudhirkumar/work/everestcodingassignment/everestcodingassignment/tests/bin/debug/net10.0/courierservice.tests.dll" id="ff921944-9d3b-c159-5f16-9dde759e83ad">
      <Execution id="28abe275-13c5-4f49-8d24-6a8eab20e5d6" />
      <TestMethod codeBase="/Users/sudhirkumar/Work/EverestCodingAssignment/EverestCodingAssignment/Tests/bin/Debug/net10.0/CourierService.Tests.dll" adapterTypeName="executor://xunit/VsTestRunner2/netcoreapp" className="CourierService.Tests.Core.Models.VehicleTests" name="Vehicle_CanCarry_ReturnsTrueWhenWeightAvailable" />
    </UnitTest>
    <UnitTest name="CourierService.Tests.Infrastructure.Offers.OfferServiceTests.IsValidOffer_ReturnsExpectedResult(offerCode: &quot;INVALID&quot;, distance: 100, weight: 100, expected: False)" storage="/users/sudhirkumar/work/everestcodingassignment/everestcodingassignment/tests/bin/debug/net10.0/courierservice.tests.dll" id="66a2537e-e618-e039-2fef-0282905e4044">
      <Execution id="5f607f51-3066-41c6-9d97-b13d10ab2d9e" />
      <TestMethod codeBase="/Users/sudhirkumar/Work/EverestCodingAssignment/EverestCodingAssignment/Tests/bin/Debug/net10.0/CourierService.Tests.dll" adapterTypeName="executor://xunit/VsTestRunner2/netcoreapp" className="CourierService.Tests.Infrastructure.Offers.OfferServiceTests" name="IsValidOffer_ReturnsExpectedResult" />
    </UnitTest>
    <UnitTest name="CourierService.Tests.Infrastructure.Offers.OfferServiceTests.IsValidOffer_ReturnsExpectedResult(offerCode: &quot;OFFR08&quot;, distance: 100, weight: 120, expected: False)" storage="/users/sudhirkumar/work/everestcodingassignment/everestcodingassignment/tests/bin/debug/net10.0/courierservice.tests.dll" id="b2e9a9c1-0e65-e32f-15b2-b0d30298dac8">
      <Execution id="c51dde52-382d-4dae-abcf-ddf5b3709fd7" />
      <TestMethod codeBase="/Users/sudhirkumar/Work/EverestCodingAssignment/EverestCodingAssignment/Tests/bin/Debug/net10.0/CourierService.Tests.dll" adapterTypeName="executor://xunit/VsTestRunner2/netcoreapp" className="CourierService.Tests.Infrastructure.Offers.OfferServiceTests" name="IsValidOffer_ReturnsExpectedResult" />
    </UnitTest>
    <UnitTest name="CourierService.Tests.Infrastructure.Offers.OfferServiceTests.CalculateDiscount_RoundsToTwoDecimalPlaces" storage="/users/sudhirkumar/work/everestcodingassignment/everestcodingassignment/tests/bin/debug/net10.0/courierservice.tests.dll" id="8661fae1-ee67-167b-dd3a-08ec8de8104d">
      <Execution id="867c5347-343e-41df-87e5-ede83c416ebf" />
      <TestMethod codeBase="/Users/sudhirkumar/Work/EverestCodingAssignment/EverestCodingAssignment/Tests/bin/Debug/net10.0/CourierService.Tests.dll" adapterTypeName="executor://xunit/VsTestRunner2/netcoreapp" className="CourierService.Tests.Infrastructure.Offers.OfferServiceTests" name="CalculateDiscount_RoundsToTwoDecimalPlaces" />
    </UnitTest>
    <UnitTest name="CourierService.Tests.Core.Models.OfferTests.Offer_Constructor_SetsProperties" storage="/users/sudhirkumar/work/everestcodingassignment/everestcodingassignment/tests/bin/debug/net10.0/courierservice.tests.dll" id="f7b5c4af-b631-4eff-441f-3b5391b755ca">
      <Execution id="ebd0f3ce-8957-444a-aa81-47b1fecad5b1" />
      <TestMethod codeBase="/Users/sudhirkumar/Work/EverestCodingAssignment/EverestCodingAssignment/Tests/bin/Debug/net10.0/CourierService.Tests.dll" adapterTypeName="executor://xunit/VsTestRunner2/netcoreapp" className="CourierService.Tests.Core.Models.OfferTests" name="Offer_Constructor_SetsProperties" />
    </UnitTest>
    <UnitTest name="CourierService.Tests.Infrastructure.Offers.OfferServiceTests.IsValidOffer_ReturnsExpectedResult(offerCode: &quot;OFR003&quot;, distance: 100, weight: 50, expected: True)" storage="/users/sudhirkumar/work/everestcodingassignment/everestcodingassignment/tests/bin/debug/net10.0/courierservice.tests.dll" id="7be5fc82-4125-4cd1-cbaa-052f231baa0b">
      <Execution id="949e3fbb-74c9-4eb0-b92f-a625f7cf8608" />
      <TestMethod codeBase="/Users/sudhirkumar/Work/EverestCodingAssignment/EverestCodingAssignment/Tests/bin/Debug/net10.0/CourierService.Tests.dll" adapterTypeName="executor://xunit/VsTestRunner2/netcoreapp" className="CourierService.Tests.Infrastructure.Offers.OfferServiceTests" name="IsValidOffer_ReturnsExpectedResult" />
    </UnitTest>
    <UnitTest name="CourierService.Tests.Infrastructure.Offers.OfferServiceTests.CalculateDiscount_ReturnsExpectedAmount(offerCode: &quot;OFR001&quot;, distance: 150, weight: 100, deliveryCost: 1850, expectedDiscount: 185)" storage="/users/sudhirkumar/work/everestcodingassignment/everestcodingassignment/tests/bin/debug/net10.0/courierservice.tests.dll" id="6aad6691-715a-5c31-139f-6ee9db16debf">
      <Execution id="a1e30276-ee07-49a7-a345-aa836f4069ea" />
      <TestMethod codeBase="/Users/sudhirkumar/Work/EverestCodingAssignment/EverestCodingAssignment/Tests/bin/Debug/net10.0/CourierService.Tests.dll" adapterTypeName="executor://xunit/VsTestRunner2/netcoreapp" className="CourierService.Tests.Infrastructure.Offers.OfferServiceTests" name="CalculateDiscount_ReturnsExpectedAmount" />
    </UnitTest>
  </TestDefinitions>
  <TestEntries>
    <TestEntry testId="c0e8b6bf-1219-d1ea-4a87-b16fc6bfd7e3" executionId="193770e5-a5b8-4edf-97c0-a26b73f7633f" testListId="8c84fa94-04c1-424b-9868-57a2d4851a1d" />
    <TestEntry testId="8661fae1-ee67-167b-dd3a-08ec8de8104d" executionId="867c5347-343e-41df-87e5-ede83c416ebf" testListId="8c84fa94-04c1-424b-9868-57a2d4851a1d" />
    <TestEntry testId="6c8e8576-f752-bc4c-cdd6-8e714514d0a3" executionId="e1a0ec03-34af-4f9f-b9ab-be22f41dad43" testListId="8c84fa94-04c1-424b-9868-57a2d4851a1d" />
    <TestEntry testId="f8cad89d-8df9-053a-8b2b-9b1950f3e6f2" executionId="8ed65547-5a10-456b-99e7-a1e33bfa8402" testListId="8c84fa94-04c1-424b-9868-57a2d4851a1d" />
    <TestEntry testId="bd7939a1-4071-2c81-7473-56eb731dcebb" executionId="63d132bd-7b56-4562-ada2-d3349e7d8a8f" testListId="8c84fa94-04c1-424b-9868-57a2d4851a1d" />
    <TestEntry testId="78ec343d-72ef-b483-2733-fef80fa5d534" executionId="20d0c5fd-2151-4bcc-a238-72ec2e641ddb" testListId="8c84fa94-04c1-424b-9868-57a2d4851a1d" />
    <TestEntry testId="683f517d-0de4-8934-67c5-490452695bc0" executionId="eaf10056-dc43-4002-af4c-3501615673bc" testListId="8c84fa94-04c1-424b-9868-57a2d4851a1d" />
    <TestEntry testId="29f0fd2c-71fc-e407-dfea-d0f6c0162b38" executionId="c3ca7524-a885-478b-810b-7b8a7ebc355b" testListId="8c84fa94-04c1-424b-9868-57a2d4851a1d" />
    <TestEntry testId="c4c73cbc-bc55-2a8b-c825-c45f1cdea21f" executionId="c8e7a683-c883-4b57-ab44-a5e2c3d2ac51" testListId="8c84fa94-04c1-424b-9868-57a2d4851a1d" />
    <TestEntry testId="66a2537e-e618-e039-2fef-0282905e4044" executionId="5f607f51-3066-41c6-9d97-b13d10ab2d9e" testListId="8c84fa94-04c1-424b-9868-57a2d4851a1d" />
    <TestEntry testId="f2ddd3fa-4d40-8839-5632-409158772b91" executionId="f3a8164b-12e9-4dfd-9cec-40b69c90adff" testListId="8c84fa94-04c1-424b-9868-57a2d4851a1d" />
    <TestEntry testId="b81b7fdc-1e3d-3e7c-69ac-86a77ee8d4cd" executionId="095fc377-3a68-46a5-b6a0-19055cf190cf" testListId="8c84fa94-04c1-424b-9868-57a2d4851a1d" />
    <TestEntry testId="c1042982-4b8a-b720-2bf5-da338a4352ab" executionId="5d9df058-f4cb-40f1-90ac-e7e47be9a5ce" testListId="8c84fa94-04c1-424b-9868-57a2d4851a1d" />
    <TestEntry testId="28025eb2-b5a0-9e5e-b454-77e928d2b01b" executionId="f8449b18-12f4-424d-9a4e-cb80c510de7a" testListId="8c84fa94-04c1-424b-9868-57a2d4851a1d" />
    <TestEntry testId="01cacf69-689b-87c6-f783-e874badb37d1" executionId="a55ed52d-82b2-47e6-93f8-b03174df2a12" testListId="8c84fa94-04c1-424b-9868-57a2d4851a1d" />
    <TestEntry testId="d69d3d28-21e5-2bec-fb4f-5938094ef0fc" executionId="8bd03708-8469-492c-b749-8c279bd7d3ab" testListId="8c84fa94-04c1-424b-9868-57a2d4851a1d" />
    <TestEntry testId="ff921944-9d3b-c159-5f16-9dde759e83ad" executionId="28abe275-13c5-4f49-8d24-6a8eab20e5d6" testListId="8c84fa94-04c1-424b-9868-57a2d4851a1d" />
    <TestEntry testId="b2e9a9c1-0e65-e32f-15b2-b0d30298dac8" executionId="c51dde52-382d-4dae-abcf-ddf5b3709fd7" testListId="8c84fa94-04c1-424b-9868-57a2d4851a1d" />
    <TestEntry testId="836960ab-5809-b00f-9712-008c18654529" executionId="ed0a76f6-d527-4833-aecb-c6415a3ac2d7" testListId="8c84fa94-04c1-424b-9868-57a2d4851a1d" />
    <TestEntry testId="8c4732e1-a155-c002-d7d1-252072bb151b" executionId="00f8fa25-1ddf-4233-9f3a-7f8129212772" testListId="8c84fa94-04c1-424b-9868-57a2d4851a1d" />
    <TestEntry testId="13ae1d82-a001-d181-659c-e09530252c9c" executionId="2b5e5530-779c-46d0-b1ee-ed466a900134" testListId="8c84fa94-04c1-424b-9868-57a2d4851a1d" />
    <TestEntry testId="e73d7f81-ede5-0486-c1fe-6362c3d78150" executionId="5c663c5e-28bd-4ee0-9d0f-0c5f10530ff0" testListId="8c84fa94-04c1-424b-9868-57a2d4851a1d" />
    <TestEntry testId="ed8b879e-308d-97a0-7d6e-aae58bbc8120" executionId="19547aba-e9f5-49c0-bc41-e3e7b6627b0e" testListId="8c84fa94-04c1-424b-9868-57a2d4851a1d" />
    <TestEntry testId="6aad6691-715a-5c31-139f-6ee9db16debf" executionId="a1e30276-ee07-49a7-a345-aa836f4069ea" testListId="8c84fa94-04c1-424b-9868-57a2d4851a1d" />
    <TestEntry testId="7be5fc82-4125-4cd1-cbaa-052f231baa0b" executionId="949e3fbb-74c9-4eb0-b92f-a625f7cf8608" testListId="8c84fa94-04c1-424b-9868-57a2d4851a1d" />
    <TestEntry testId="24b5a81e-b3c7-3791-d772-8d715ba9fcc0" executionId="98335ef2-a77c-47a8-8998-f3846cac6e7d" testListId="8c84fa94-04c1-424b-9868-57a2d4851a1d" />
    <TestEntry testId="4ca8a1ff-7e3d-2a1c-e933-119755ec5dfd" executionId="eff56ab5-182b-4ac7-8c97-f078bb2d6e07" testListId="8c84fa94-04c1-424b-9868-57a2d4851a1d" />
    <TestEntry testId="73927546-11f9-a4ae-f6dc-a21bbbb0df2a" executionId="8b6e8b4d-3890-43af-aefa-4d7f6093b70d" testListId="8c84fa94-04c1-424b-9868-57a2d4851a1d" />
    <TestEntry testId="0a8b8626-6790-6512-4bb7-bc84c1f2950c" executionId="15648d5c-ecdc-497d-888f-01b3d3a6e487" testListId="8c84fa94-04c1-424b-9868-57a2d4851a1d" />
    <TestEntry testId="592c8293-06fa-e4bd-1c34-ac0754ec43af" executionId="68e593af-97ae-435f-ae6c-a11ffd37672e" testListId="8c84fa94-04c1-424b-9868-57a2d4851a1d" />
    <TestEntry testId="1584547c-f32a-f367-029c-11f6f5cfed84" executionId="1e011f34-0470-46c2-9756-0976127c4adf" testListId="8c84fa94-04c1-424b-9868-57a2d4851a1d" />
    <TestEntry testId="8d1eec20-a990-c008-e1c7-864ba82ac434" executionId="745232c6-2a50-4fc8-b8b6-aba1ea9423ad" testListId="8c84fa94-04c1-424b-9868-57a2d4851a1d" />
    <TestEntry testId="f7b5c4af-b631-4eff-441f-3b5391b755ca" executionId="ebd0f3ce-8957-444a-aa81-47b1fecad5b1" testListId="8c84fa94-04c1-424b-9868-57a2d4851a1d" />
  </TestEntries>
  <TestLists>
    <TestList name="Results Not in a List" id="8c84fa94-04c1-424b-9868-57a2d4851a1d" />
    <TestList name="All Loaded Results" id="19431567-8539-422a-85d7-44ee4e166bda" />
  </TestLists>
  <ResultSummary outcome="Completed">
    <Counters total="33" executed="33" passed="33" failed="0" error="0" timeout="0" aborted="0" inconclusive="0" passedButRunAborted="0" notRunnable="0" notExecuted="0" disconnected="0" warning="0" completed="0" inProgress="0" pending="0" />
    <Output>
      <StdOut>[xUnit.net 00:00:00.00] xUnit.net VSTest Adapter v2.8.2+699d445a1a (64-bit .NET 10.0.2)
[xUnit.net 00:00:00.03]   Discovering: CourierService.Tests
[xUnit.net 00:00:00.06]   Discovered:  CourierService.Tests
[xUnit.net 00:00:00.06]   Starting:    CourierService.Tests
[xUnit.net 00:00:00.10]   Finished:    CourierService.Tests
</StdOut>
    </Output>
  </ResultSummary>
</TestRun>